making imagenet data transforms
Loaded 100000 .npy files from the first 100000 folders in /raid/biplab/datasets/BENv1/BENMMfinal/
Loaded 100000 .npy files from the first 100000 folders in /raid/biplab/datasets/BENv1/BENMMfinal/
Npy dataset created
Dataset split: 80000 training samples, 20000 test samples
Train and test dataloaders created
Epoch 1/100
{"train_loss": 4.598596572875977, "epoch": 1, "iteration": 1}
{"train_loss": 2.471958637237549, "epoch": 1, "iteration": 11}
{"train_loss": 2.1558234691619873, "epoch": 1, "iteration": 21}
{"train_loss": 1.9714164733886719, "epoch": 1, "iteration": 31}
{"train_loss": 1.8317179679870605, "epoch": 1, "iteration": 41}
{"train_loss": 1.720587134361267, "epoch": 1, "iteration": 51}
{"train_loss": 1.6756634712219238, "epoch": 1, "iteration": 61}
{"train_loss": 1.6253511905670166, "epoch": 1, "iteration": 71}
{"train_loss": 1.57462739944458, "epoch": 1, "iteration": 81}
{"train_loss": 1.5521248579025269, "epoch": 1, "iteration": 91}
{"train_loss": 1.5076149702072144, "epoch": 1, "iteration": 101}
{"train_loss": 1.4875160455703735, "epoch": 1, "iteration": 111}
{"train_loss": 1.4801712036132812, "epoch": 1, "iteration": 121}
{"train_loss": 1.4588358402252197, "epoch": 1, "iteration": 131}
{"train_loss": 1.409277319908142, "epoch": 1, "iteration": 141}
{"train_loss": 1.413987636566162, "epoch": 1, "iteration": 151}
{"train_loss": 1.388251781463623, "epoch": 1, "iteration": 161}
{"train_loss": 1.3853651285171509, "epoch": 1, "iteration": 171}
{"train_loss": 1.3836071491241455, "epoch": 1, "iteration": 181}
{"train_loss": 1.3461086750030518, "epoch": 1, "iteration": 191}
{"train_loss": 1.4036059379577637, "epoch": 1, "iteration": 201}
{"train_loss": 1.3760325908660889, "epoch": 1, "iteration": 211}
{"train_loss": 1.3242987394332886, "epoch": 1, "iteration": 221}
{"train_loss": 1.3251272439956665, "epoch": 1, "iteration": 231}
{"train_loss": 1.3143290281295776, "epoch": 1, "iteration": 241}
{"train_loss": 1.280277132987976, "epoch": 1, "iteration": 251}
{"train_loss": 1.2985424995422363, "epoch": 1, "iteration": 261}
{"train_loss": 1.2802882194519043, "epoch": 1, "iteration": 271}
{"train_loss": 1.27656090259552, "epoch": 1, "iteration": 281}
{"train_loss": 1.281615138053894, "epoch": 1, "iteration": 291}
{"train_loss": 1.2510993480682373, "epoch": 1, "iteration": 301}
{"train_loss": 1.2470104694366455, "epoch": 1, "iteration": 311}
Epoch 1/100, Val Loss: 3.1401
New best model saved at epoch 1 with loss 3.1401
Epoch 2/100
{"train_loss": 1.2469573020935059, "epoch": 2, "iteration": 1}
{"train_loss": 1.2473160028457642, "epoch": 2, "iteration": 11}
{"train_loss": 1.2590631246566772, "epoch": 2, "iteration": 21}
{"train_loss": 1.229109525680542, "epoch": 2, "iteration": 31}
{"train_loss": 1.2153685092926025, "epoch": 2, "iteration": 41}
{"train_loss": 1.1998767852783203, "epoch": 2, "iteration": 51}
{"train_loss": 1.2059876918792725, "epoch": 2, "iteration": 61}
{"train_loss": 1.2095921039581299, "epoch": 2, "iteration": 71}
{"train_loss": 1.2013115882873535, "epoch": 2, "iteration": 81}
{"train_loss": 1.2038686275482178, "epoch": 2, "iteration": 91}
{"train_loss": 1.188332200050354, "epoch": 2, "iteration": 101}
{"train_loss": 1.180516242980957, "epoch": 2, "iteration": 111}
{"train_loss": 1.178216576576233, "epoch": 2, "iteration": 121}
{"train_loss": 1.183627963066101, "epoch": 2, "iteration": 131}
{"train_loss": 1.1611746549606323, "epoch": 2, "iteration": 141}
{"train_loss": 1.153328776359558, "epoch": 2, "iteration": 151}
{"train_loss": 1.153955101966858, "epoch": 2, "iteration": 161}
{"train_loss": 1.1417325735092163, "epoch": 2, "iteration": 171}
{"train_loss": 1.1422104835510254, "epoch": 2, "iteration": 181}
{"train_loss": 1.1390893459320068, "epoch": 2, "iteration": 191}
{"train_loss": 1.1476291418075562, "epoch": 2, "iteration": 201}
{"train_loss": 1.144583821296692, "epoch": 2, "iteration": 211}
{"train_loss": 1.1307728290557861, "epoch": 2, "iteration": 221}
{"train_loss": 1.1335855722427368, "epoch": 2, "iteration": 231}
{"train_loss": 1.121498703956604, "epoch": 2, "iteration": 241}
{"train_loss": 1.1140568256378174, "epoch": 2, "iteration": 251}
{"train_loss": 1.1285609006881714, "epoch": 2, "iteration": 261}
{"train_loss": 1.1143144369125366, "epoch": 2, "iteration": 271}
{"train_loss": 1.1142536401748657, "epoch": 2, "iteration": 281}
{"train_loss": 1.1058318614959717, "epoch": 2, "iteration": 291}
{"train_loss": 1.102785348892212, "epoch": 2, "iteration": 301}
{"train_loss": 1.103287696838379, "epoch": 2, "iteration": 311}
Epoch 2/100, Val Loss: 3.0822
New best model saved at epoch 2 with loss 3.0822
Epoch 3/100
{"train_loss": 1.1032830476760864, "epoch": 3, "iteration": 1}
{"train_loss": 1.1054896116256714, "epoch": 3, "iteration": 11}
{"train_loss": 1.0994946956634521, "epoch": 3, "iteration": 21}
{"train_loss": 1.0966856479644775, "epoch": 3, "iteration": 31}
{"train_loss": 1.0993632078170776, "epoch": 3, "iteration": 41}
{"train_loss": 1.0884699821472168, "epoch": 3, "iteration": 51}
{"train_loss": 1.0990684032440186, "epoch": 3, "iteration": 61}
{"train_loss": 1.088423490524292, "epoch": 3, "iteration": 71}
{"train_loss": 1.0852798223495483, "epoch": 3, "iteration": 81}
{"train_loss": 1.085033893585205, "epoch": 3, "iteration": 91}
{"train_loss": 1.0902413129806519, "epoch": 3, "iteration": 101}
{"train_loss": 1.0817064046859741, "epoch": 3, "iteration": 111}
{"train_loss": 1.0788836479187012, "epoch": 3, "iteration": 121}
{"train_loss": 1.0795166492462158, "epoch": 3, "iteration": 131}
{"train_loss": 1.0739561319351196, "epoch": 3, "iteration": 141}
{"train_loss": 1.0738321542739868, "epoch": 3, "iteration": 151}
{"train_loss": 1.0709583759307861, "epoch": 3, "iteration": 161}
{"train_loss": 1.0746777057647705, "epoch": 3, "iteration": 171}
{"train_loss": 1.0716848373413086, "epoch": 3, "iteration": 181}
{"train_loss": 1.0771536827087402, "epoch": 3, "iteration": 191}
{"train_loss": 1.0727779865264893, "epoch": 3, "iteration": 201}
{"train_loss": 1.0708439350128174, "epoch": 3, "iteration": 211}
{"train_loss": 1.0681443214416504, "epoch": 3, "iteration": 221}
{"train_loss": 1.0696660280227661, "epoch": 3, "iteration": 231}
{"train_loss": 1.0685701370239258, "epoch": 3, "iteration": 241}
{"train_loss": 1.0636255741119385, "epoch": 3, "iteration": 251}
{"train_loss": 1.0645816326141357, "epoch": 3, "iteration": 261}
{"train_loss": 1.0685969591140747, "epoch": 3, "iteration": 271}
{"train_loss": 1.063865303993225, "epoch": 3, "iteration": 281}
{"train_loss": 1.0637720823287964, "epoch": 3, "iteration": 291}
{"train_loss": 1.0621854066848755, "epoch": 3, "iteration": 301}
{"train_loss": 1.06682288646698, "epoch": 3, "iteration": 311}
Epoch 3/100, Val Loss: 3.0476
New best model saved at epoch 3 with loss 3.0476
Epoch 4/100
{"train_loss": 1.062796950340271, "epoch": 4, "iteration": 1}
{"train_loss": 1.062483787536621, "epoch": 4, "iteration": 11}
{"train_loss": 1.06178617477417, "epoch": 4, "iteration": 21}
{"train_loss": 1.0599762201309204, "epoch": 4, "iteration": 31}
{"train_loss": 1.0615475177764893, "epoch": 4, "iteration": 41}
{"train_loss": 1.0608937740325928, "epoch": 4, "iteration": 51}
{"train_loss": 1.0621373653411865, "epoch": 4, "iteration": 61}
{"train_loss": 1.0624505281448364, "epoch": 4, "iteration": 71}
{"train_loss": 1.067383885383606, "epoch": 4, "iteration": 81}
{"train_loss": 1.0790139436721802, "epoch": 4, "iteration": 91}
{"train_loss": 1.0651764869689941, "epoch": 4, "iteration": 101}
{"train_loss": 1.06516432762146, "epoch": 4, "iteration": 111}
{"train_loss": 1.0627926588058472, "epoch": 4, "iteration": 121}
{"train_loss": 1.0631113052368164, "epoch": 4, "iteration": 131}
{"train_loss": 1.060422658920288, "epoch": 4, "iteration": 141}
{"train_loss": 1.0604654550552368, "epoch": 4, "iteration": 151}
{"train_loss": 1.0617464780807495, "epoch": 4, "iteration": 161}
{"train_loss": 1.0610793828964233, "epoch": 4, "iteration": 171}
{"train_loss": 1.062031626701355, "epoch": 4, "iteration": 181}
{"train_loss": 1.060839056968689, "epoch": 4, "iteration": 191}
{"train_loss": 1.0636754035949707, "epoch": 4, "iteration": 201}
{"train_loss": 1.060720443725586, "epoch": 4, "iteration": 211}
{"train_loss": 1.0611307621002197, "epoch": 4, "iteration": 221}
{"train_loss": 1.0658292770385742, "epoch": 4, "iteration": 231}
{"train_loss": 1.0628217458724976, "epoch": 4, "iteration": 241}
{"train_loss": 1.0632567405700684, "epoch": 4, "iteration": 251}
{"train_loss": 1.0629465579986572, "epoch": 4, "iteration": 261}
{"train_loss": 1.0632681846618652, "epoch": 4, "iteration": 271}
{"train_loss": 1.0633580684661865, "epoch": 4, "iteration": 281}
{"train_loss": 1.0642406940460205, "epoch": 4, "iteration": 291}
{"train_loss": 1.0645138025283813, "epoch": 4, "iteration": 301}
{"train_loss": 1.0653421878814697, "epoch": 4, "iteration": 311}
Epoch 4/100, Val Loss: 3.0373
New best model saved at epoch 4 with loss 3.0373
Epoch 5/100
{"train_loss": 1.0660399198532104, "epoch": 5, "iteration": 1}
{"train_loss": 1.0640584230422974, "epoch": 5, "iteration": 11}
{"train_loss": 1.0653679370880127, "epoch": 5, "iteration": 21}
{"train_loss": 1.0644296407699585, "epoch": 5, "iteration": 31}
{"train_loss": 1.0666452646255493, "epoch": 5, "iteration": 41}
{"train_loss": 1.0649014711380005, "epoch": 5, "iteration": 51}
{"train_loss": 1.0680962800979614, "epoch": 5, "iteration": 61}
{"train_loss": 1.0675667524337769, "epoch": 5, "iteration": 71}
{"train_loss": 1.0683977603912354, "epoch": 5, "iteration": 81}
{"train_loss": 1.0681500434875488, "epoch": 5, "iteration": 91}
{"train_loss": 1.0672869682312012, "epoch": 5, "iteration": 101}
{"train_loss": 1.0685906410217285, "epoch": 5, "iteration": 111}
{"train_loss": 1.0708260536193848, "epoch": 5, "iteration": 121}
{"train_loss": 1.0720148086547852, "epoch": 5, "iteration": 131}
{"train_loss": 1.0681514739990234, "epoch": 5, "iteration": 141}
{"train_loss": 1.0720854997634888, "epoch": 5, "iteration": 151}
{"train_loss": 1.0693129301071167, "epoch": 5, "iteration": 161}
{"train_loss": 1.0708786249160767, "epoch": 5, "iteration": 171}
{"train_loss": 1.0713051557540894, "epoch": 5, "iteration": 181}
{"train_loss": 1.0718072652816772, "epoch": 5, "iteration": 191}
{"train_loss": 1.0738121271133423, "epoch": 5, "iteration": 201}
{"train_loss": 1.0729700326919556, "epoch": 5, "iteration": 211}
{"train_loss": 1.0740413665771484, "epoch": 5, "iteration": 221}
{"train_loss": 1.0736024379730225, "epoch": 5, "iteration": 231}
{"train_loss": 1.077091932296753, "epoch": 5, "iteration": 241}
{"train_loss": 1.0756105184555054, "epoch": 5, "iteration": 251}
{"train_loss": 1.0771377086639404, "epoch": 5, "iteration": 261}
{"train_loss": 1.0804256200790405, "epoch": 5, "iteration": 271}
{"train_loss": 1.0765907764434814, "epoch": 5, "iteration": 281}
{"train_loss": 1.0769442319869995, "epoch": 5, "iteration": 291}
{"train_loss": 1.0772455930709839, "epoch": 5, "iteration": 301}
{"train_loss": 1.079071283340454, "epoch": 5, "iteration": 311}
Epoch 5/100, Val Loss: 3.0334
New best model saved at epoch 5 with loss 3.0334
Epoch 6/100
{"train_loss": 1.0781700611114502, "epoch": 6, "iteration": 1}
{"train_loss": 1.0788310766220093, "epoch": 6, "iteration": 11}
{"train_loss": 1.0798829793930054, "epoch": 6, "iteration": 21}
{"train_loss": 1.0790696144104004, "epoch": 6, "iteration": 31}
{"train_loss": 1.0819838047027588, "epoch": 6, "iteration": 41}
{"train_loss": 1.0789166688919067, "epoch": 6, "iteration": 51}
{"train_loss": 1.081674575805664, "epoch": 6, "iteration": 61}
{"train_loss": 1.0832968950271606, "epoch": 6, "iteration": 71}
{"train_loss": 1.082977533340454, "epoch": 6, "iteration": 81}
{"train_loss": 1.084167718887329, "epoch": 6, "iteration": 91}
{"train_loss": 1.0848731994628906, "epoch": 6, "iteration": 101}
{"train_loss": 1.0851632356643677, "epoch": 6, "iteration": 111}
{"train_loss": 1.0866804122924805, "epoch": 6, "iteration": 121}
{"train_loss": 1.0869832038879395, "epoch": 6, "iteration": 131}
{"train_loss": 1.0862433910369873, "epoch": 6, "iteration": 141}
{"train_loss": 1.086421012878418, "epoch": 6, "iteration": 151}
{"train_loss": 1.0859770774841309, "epoch": 6, "iteration": 161}
{"train_loss": 1.0876597166061401, "epoch": 6, "iteration": 171}
{"train_loss": 1.089287519454956, "epoch": 6, "iteration": 181}
{"train_loss": 1.0898840427398682, "epoch": 6, "iteration": 191}
{"train_loss": 1.09054434299469, "epoch": 6, "iteration": 201}
{"train_loss": 1.0898808240890503, "epoch": 6, "iteration": 211}
{"train_loss": 1.0903905630111694, "epoch": 6, "iteration": 221}
{"train_loss": 1.0911873579025269, "epoch": 6, "iteration": 231}
{"train_loss": 1.0962904691696167, "epoch": 6, "iteration": 241}
{"train_loss": 1.0932284593582153, "epoch": 6, "iteration": 251}
{"train_loss": 1.0921335220336914, "epoch": 6, "iteration": 261}
{"train_loss": 1.094003677368164, "epoch": 6, "iteration": 271}
{"train_loss": 1.0933014154434204, "epoch": 6, "iteration": 281}
{"train_loss": 1.093903660774231, "epoch": 6, "iteration": 291}
{"train_loss": 1.0939654111862183, "epoch": 6, "iteration": 301}
{"train_loss": 1.0949023962020874, "epoch": 6, "iteration": 311}
Epoch 6/100, Val Loss: 3.0325
New best model saved at epoch 6 with loss 3.0325
Epoch 7/100
{"train_loss": 1.096233606338501, "epoch": 7, "iteration": 1}
{"train_loss": 1.094893455505371, "epoch": 7, "iteration": 11}
{"train_loss": 1.0956543684005737, "epoch": 7, "iteration": 21}
{"train_loss": 1.0968859195709229, "epoch": 7, "iteration": 31}
{"train_loss": 1.0976076126098633, "epoch": 7, "iteration": 41}
{"train_loss": 1.0941873788833618, "epoch": 7, "iteration": 51}
{"train_loss": 1.0985525846481323, "epoch": 7, "iteration": 61}
{"train_loss": 1.0976104736328125, "epoch": 7, "iteration": 71}
{"train_loss": 1.0980437994003296, "epoch": 7, "iteration": 81}
{"train_loss": 1.098834753036499, "epoch": 7, "iteration": 91}
{"train_loss": 1.0979619026184082, "epoch": 7, "iteration": 101}
{"train_loss": 1.0983091592788696, "epoch": 7, "iteration": 111}
{"train_loss": 1.0992311239242554, "epoch": 7, "iteration": 121}
{"train_loss": 1.0990864038467407, "epoch": 7, "iteration": 131}
{"train_loss": 1.0963749885559082, "epoch": 7, "iteration": 141}
{"train_loss": 1.097873568534851, "epoch": 7, "iteration": 151}
{"train_loss": 1.0975738763809204, "epoch": 7, "iteration": 161}
{"train_loss": 1.0997823476791382, "epoch": 7, "iteration": 171}
{"train_loss": 1.100027084350586, "epoch": 7, "iteration": 181}
{"train_loss": 1.0992228984832764, "epoch": 7, "iteration": 191}
{"train_loss": 1.0999302864074707, "epoch": 7, "iteration": 201}
{"train_loss": 1.0996721982955933, "epoch": 7, "iteration": 211}
{"train_loss": 1.0987217426300049, "epoch": 7, "iteration": 221}
{"train_loss": 1.0994497537612915, "epoch": 7, "iteration": 231}
{"train_loss": 1.1054288148880005, "epoch": 7, "iteration": 241}
{"train_loss": 1.1032743453979492, "epoch": 7, "iteration": 251}
{"train_loss": 1.1014864444732666, "epoch": 7, "iteration": 261}
{"train_loss": 1.1016305685043335, "epoch": 7, "iteration": 271}
{"train_loss": 1.1016030311584473, "epoch": 7, "iteration": 281}
{"train_loss": 1.1014100313186646, "epoch": 7, "iteration": 291}
{"train_loss": 1.101088523864746, "epoch": 7, "iteration": 301}
{"train_loss": 1.103230357170105, "epoch": 7, "iteration": 311}
Epoch 7/100, Val Loss: 3.0343
Epoch 8/100
{"train_loss": 1.1045137643814087, "epoch": 8, "iteration": 1}
{"train_loss": 1.1031574010849, "epoch": 8, "iteration": 11}
{"train_loss": 1.1044175624847412, "epoch": 8, "iteration": 21}
{"train_loss": 1.1033282279968262, "epoch": 8, "iteration": 31}
{"train_loss": 1.1066850423812866, "epoch": 8, "iteration": 41}
{"train_loss": 1.1033815145492554, "epoch": 8, "iteration": 51}
{"train_loss": 1.1059677600860596, "epoch": 8, "iteration": 61}
{"train_loss": 1.1058752536773682, "epoch": 8, "iteration": 71}
{"train_loss": 1.1053650379180908, "epoch": 8, "iteration": 81}
{"train_loss": 1.105683445930481, "epoch": 8, "iteration": 91}
{"train_loss": 1.1039106845855713, "epoch": 8, "iteration": 101}
{"train_loss": 1.103808879852295, "epoch": 8, "iteration": 111}
{"train_loss": 1.1040642261505127, "epoch": 8, "iteration": 121}
{"train_loss": 1.1042463779449463, "epoch": 8, "iteration": 131}
{"train_loss": 1.1028413772583008, "epoch": 8, "iteration": 141}
{"train_loss": 1.104628086090088, "epoch": 8, "iteration": 151}
{"train_loss": 1.105468988418579, "epoch": 8, "iteration": 161}
{"train_loss": 1.1060256958007812, "epoch": 8, "iteration": 171}
{"train_loss": 1.1086437702178955, "epoch": 8, "iteration": 181}
{"train_loss": 1.107061743736267, "epoch": 8, "iteration": 191}
{"train_loss": 1.1084483861923218, "epoch": 8, "iteration": 201}
{"train_loss": 1.1086821556091309, "epoch": 8, "iteration": 211}
{"train_loss": 1.1077494621276855, "epoch": 8, "iteration": 221}
{"train_loss": 1.1068720817565918, "epoch": 8, "iteration": 231}
{"train_loss": 1.114466905593872, "epoch": 8, "iteration": 241}
{"train_loss": 1.1116443872451782, "epoch": 8, "iteration": 251}
{"train_loss": 1.110231876373291, "epoch": 8, "iteration": 261}
{"train_loss": 1.113127589225769, "epoch": 8, "iteration": 271}
{"train_loss": 1.1106599569320679, "epoch": 8, "iteration": 281}
{"train_loss": 1.1105190515518188, "epoch": 8, "iteration": 291}
{"train_loss": 1.11014723777771, "epoch": 8, "iteration": 301}
{"train_loss": 1.1121044158935547, "epoch": 8, "iteration": 311}
Epoch 8/100, Val Loss: 3.0337
Epoch 9/100
{"train_loss": 1.1126412153244019, "epoch": 9, "iteration": 1}
{"train_loss": 1.1135205030441284, "epoch": 9, "iteration": 11}
{"train_loss": 1.1127798557281494, "epoch": 9, "iteration": 21}
{"train_loss": 1.1130062341690063, "epoch": 9, "iteration": 31}
{"train_loss": 1.1152167320251465, "epoch": 9, "iteration": 41}
{"train_loss": 1.109155535697937, "epoch": 9, "iteration": 51}
{"train_loss": 1.114304542541504, "epoch": 9, "iteration": 61}
{"train_loss": 1.1131840944290161, "epoch": 9, "iteration": 71}
{"train_loss": 1.115196704864502, "epoch": 9, "iteration": 81}
{"train_loss": 1.115674376487732, "epoch": 9, "iteration": 91}
{"train_loss": 1.1145548820495605, "epoch": 9, "iteration": 101}
{"train_loss": 1.115034818649292, "epoch": 9, "iteration": 111}
{"train_loss": 1.115800380706787, "epoch": 9, "iteration": 121}
{"train_loss": 1.116213083267212, "epoch": 9, "iteration": 131}
{"train_loss": 1.1143606901168823, "epoch": 9, "iteration": 141}
{"train_loss": 1.1152799129486084, "epoch": 9, "iteration": 151}
{"train_loss": 1.1166610717773438, "epoch": 9, "iteration": 161}
{"train_loss": 1.1160951852798462, "epoch": 9, "iteration": 171}
{"train_loss": 1.1194288730621338, "epoch": 9, "iteration": 181}
{"train_loss": 1.116950273513794, "epoch": 9, "iteration": 191}
{"train_loss": 1.1171241998672485, "epoch": 9, "iteration": 201}
{"train_loss": 1.1187524795532227, "epoch": 9, "iteration": 211}
{"train_loss": 1.1191773414611816, "epoch": 9, "iteration": 221}
{"train_loss": 1.1169201135635376, "epoch": 9, "iteration": 231}
{"train_loss": 1.1250784397125244, "epoch": 9, "iteration": 241}
{"train_loss": 1.12149977684021, "epoch": 9, "iteration": 251}
{"train_loss": 1.1212106943130493, "epoch": 9, "iteration": 261}
{"train_loss": 1.1209148168563843, "epoch": 9, "iteration": 271}
{"train_loss": 1.1207358837127686, "epoch": 9, "iteration": 281}
{"train_loss": 1.120675802230835, "epoch": 9, "iteration": 291}
{"train_loss": 1.1198805570602417, "epoch": 9, "iteration": 301}
{"train_loss": 1.1210013628005981, "epoch": 9, "iteration": 311}
Epoch 9/100, Val Loss: 3.0345
Epoch 10/100
{"train_loss": 1.1213905811309814, "epoch": 10, "iteration": 1}
{"train_loss": 1.1214035749435425, "epoch": 10, "iteration": 11}
{"train_loss": 1.1210216283798218, "epoch": 10, "iteration": 21}
{"train_loss": 1.1215310096740723, "epoch": 10, "iteration": 31}
{"train_loss": 1.1223050355911255, "epoch": 10, "iteration": 41}
{"train_loss": 1.1183968782424927, "epoch": 10, "iteration": 51}
{"train_loss": 1.1219710111618042, "epoch": 10, "iteration": 61}
{"train_loss": 1.12150239944458, "epoch": 10, "iteration": 71}
{"train_loss": 1.121206521987915, "epoch": 10, "iteration": 81}
{"train_loss": 1.1225359439849854, "epoch": 10, "iteration": 91}
{"train_loss": 1.1218516826629639, "epoch": 10, "iteration": 101}
{"train_loss": 1.1219662427902222, "epoch": 10, "iteration": 111}
{"train_loss": 1.1238791942596436, "epoch": 10, "iteration": 121}
{"train_loss": 1.1221128702163696, "epoch": 10, "iteration": 131}
{"train_loss": 1.121222972869873, "epoch": 10, "iteration": 141}
{"train_loss": 1.121930480003357, "epoch": 10, "iteration": 151}
{"train_loss": 1.1226943731307983, "epoch": 10, "iteration": 161}
{"train_loss": 1.1237144470214844, "epoch": 10, "iteration": 171}
{"train_loss": 1.1254595518112183, "epoch": 10, "iteration": 181}
{"train_loss": 1.1241379976272583, "epoch": 10, "iteration": 191}
{"train_loss": 1.1240240335464478, "epoch": 10, "iteration": 201}
{"train_loss": 1.1249908208847046, "epoch": 10, "iteration": 211}
{"train_loss": 1.1242873668670654, "epoch": 10, "iteration": 221}
{"train_loss": 1.1239314079284668, "epoch": 10, "iteration": 231}
{"train_loss": 1.1292020082473755, "epoch": 10, "iteration": 241}
{"train_loss": 1.1273396015167236, "epoch": 10, "iteration": 251}
{"train_loss": 1.1262474060058594, "epoch": 10, "iteration": 261}
{"train_loss": 1.1268994808197021, "epoch": 10, "iteration": 271}
{"train_loss": 1.1257725954055786, "epoch": 10, "iteration": 281}
{"train_loss": 1.12651526927948, "epoch": 10, "iteration": 291}
{"train_loss": 1.1262843608856201, "epoch": 10, "iteration": 301}
{"train_loss": 1.1264022588729858, "epoch": 10, "iteration": 311}
Epoch 10/100, Val Loss: 3.0338
Epoch 11/100
{"train_loss": 1.126558780670166, "epoch": 11, "iteration": 1}
{"train_loss": 1.1255885362625122, "epoch": 11, "iteration": 11}
{"train_loss": 1.1249207258224487, "epoch": 11, "iteration": 21}
{"train_loss": 1.1260907649993896, "epoch": 11, "iteration": 31}
{"train_loss": 1.127652883529663, "epoch": 11, "iteration": 41}
{"train_loss": 1.1236233711242676, "epoch": 11, "iteration": 51}
{"train_loss": 1.1262178421020508, "epoch": 11, "iteration": 61}
{"train_loss": 1.126023292541504, "epoch": 11, "iteration": 71}
{"train_loss": 1.1267318725585938, "epoch": 11, "iteration": 81}
{"train_loss": 1.1274654865264893, "epoch": 11, "iteration": 91}
{"train_loss": 1.127516508102417, "epoch": 11, "iteration": 101}
{"train_loss": 1.1260149478912354, "epoch": 11, "iteration": 111}
{"train_loss": 1.1281375885009766, "epoch": 11, "iteration": 121}
{"train_loss": 1.1270841360092163, "epoch": 11, "iteration": 131}
{"train_loss": 1.126369595527649, "epoch": 11, "iteration": 141}
{"train_loss": 1.1269540786743164, "epoch": 11, "iteration": 151}
{"train_loss": 1.1276968717575073, "epoch": 11, "iteration": 161}
{"train_loss": 1.127968192100525, "epoch": 11, "iteration": 171}
{"train_loss": 1.1288743019104004, "epoch": 11, "iteration": 181}
{"train_loss": 1.1275646686553955, "epoch": 11, "iteration": 191}
{"train_loss": 1.1292604207992554, "epoch": 11, "iteration": 201}
{"train_loss": 1.1282720565795898, "epoch": 11, "iteration": 211}
{"train_loss": 1.1277689933776855, "epoch": 11, "iteration": 221}
{"train_loss": 1.1267423629760742, "epoch": 11, "iteration": 231}
{"train_loss": 1.1320998668670654, "epoch": 11, "iteration": 241}
{"train_loss": 1.1300510168075562, "epoch": 11, "iteration": 251}
{"train_loss": 1.1286836862564087, "epoch": 11, "iteration": 261}
{"train_loss": 1.1311209201812744, "epoch": 11, "iteration": 271}
{"train_loss": 1.1287367343902588, "epoch": 11, "iteration": 281}
{"train_loss": 1.1298493146896362, "epoch": 11, "iteration": 291}
{"train_loss": 1.1298940181732178, "epoch": 11, "iteration": 301}
{"train_loss": 1.130798578262329, "epoch": 11, "iteration": 311}
Epoch 11/100, Val Loss: 3.0341
Epoch 12/100
{"train_loss": 1.1315656900405884, "epoch": 12, "iteration": 1}
{"train_loss": 1.1299976110458374, "epoch": 12, "iteration": 11}
{"train_loss": 1.1329280138015747, "epoch": 12, "iteration": 21}
{"train_loss": 1.1343661546707153, "epoch": 12, "iteration": 31}
{"train_loss": 1.1360479593276978, "epoch": 12, "iteration": 41}
{"train_loss": 1.1333626508712769, "epoch": 12, "iteration": 51}
{"train_loss": 1.1349881887435913, "epoch": 12, "iteration": 61}
{"train_loss": 1.1344389915466309, "epoch": 12, "iteration": 71}
{"train_loss": 1.1343467235565186, "epoch": 12, "iteration": 81}
{"train_loss": 1.1360613107681274, "epoch": 12, "iteration": 91}
{"train_loss": 1.1355113983154297, "epoch": 12, "iteration": 101}
{"train_loss": 1.1349929571151733, "epoch": 12, "iteration": 111}
{"train_loss": 1.1360880136489868, "epoch": 12, "iteration": 121}
{"train_loss": 1.1372780799865723, "epoch": 12, "iteration": 131}
{"train_loss": 1.1358214616775513, "epoch": 12, "iteration": 141}
{"train_loss": 1.1358065605163574, "epoch": 12, "iteration": 151}
{"train_loss": 1.1355462074279785, "epoch": 12, "iteration": 161}
{"train_loss": 1.1357271671295166, "epoch": 12, "iteration": 171}
{"train_loss": 1.1371062994003296, "epoch": 12, "iteration": 181}
{"train_loss": 1.13776433467865, "epoch": 12, "iteration": 191}
{"train_loss": 1.137770652770996, "epoch": 12, "iteration": 201}
{"train_loss": 1.1380372047424316, "epoch": 12, "iteration": 211}
{"train_loss": 1.1386654376983643, "epoch": 12, "iteration": 221}
{"train_loss": 1.139085054397583, "epoch": 12, "iteration": 231}
{"train_loss": 1.1420937776565552, "epoch": 12, "iteration": 241}
{"train_loss": 1.141350507736206, "epoch": 12, "iteration": 251}
{"train_loss": 1.1392176151275635, "epoch": 12, "iteration": 261}
{"train_loss": 1.1401265859603882, "epoch": 12, "iteration": 271}
{"train_loss": 1.1380103826522827, "epoch": 12, "iteration": 281}
{"train_loss": 1.139478325843811, "epoch": 12, "iteration": 291}
{"train_loss": 1.1386278867721558, "epoch": 12, "iteration": 301}
{"train_loss": 1.1393802165985107, "epoch": 12, "iteration": 311}
Epoch 12/100, Val Loss: 3.0339
Epoch 13/100
{"train_loss": 1.141693353652954, "epoch": 13, "iteration": 1}
{"train_loss": 1.1393153667449951, "epoch": 13, "iteration": 11}
{"train_loss": 1.1402602195739746, "epoch": 13, "iteration": 21}
{"train_loss": 1.1413463354110718, "epoch": 13, "iteration": 31}
{"train_loss": 1.1417136192321777, "epoch": 13, "iteration": 41}
{"train_loss": 1.139625906944275, "epoch": 13, "iteration": 51}
{"train_loss": 1.141117811203003, "epoch": 13, "iteration": 61}
{"train_loss": 1.1414532661437988, "epoch": 13, "iteration": 71}
{"train_loss": 1.1405117511749268, "epoch": 13, "iteration": 81}
{"train_loss": 1.1437588930130005, "epoch": 13, "iteration": 91}
{"train_loss": 1.1406865119934082, "epoch": 13, "iteration": 101}
{"train_loss": 1.139772891998291, "epoch": 13, "iteration": 111}
{"train_loss": 1.1416394710540771, "epoch": 13, "iteration": 121}
{"train_loss": 1.1420408487319946, "epoch": 13, "iteration": 131}
{"train_loss": 1.1408828496932983, "epoch": 13, "iteration": 141}
{"train_loss": 1.1399672031402588, "epoch": 13, "iteration": 151}
{"train_loss": 1.1404266357421875, "epoch": 13, "iteration": 161}
{"train_loss": 1.1394625902175903, "epoch": 13, "iteration": 171}
{"train_loss": 1.1415343284606934, "epoch": 13, "iteration": 181}
{"train_loss": 1.1408947706222534, "epoch": 13, "iteration": 191}
{"train_loss": 1.1407567262649536, "epoch": 13, "iteration": 201}
{"train_loss": 1.139965295791626, "epoch": 13, "iteration": 211}
{"train_loss": 1.14063560962677, "epoch": 13, "iteration": 221}
{"train_loss": 1.1382497549057007, "epoch": 13, "iteration": 231}
{"train_loss": 1.1412535905838013, "epoch": 13, "iteration": 241}
{"train_loss": 1.1405736207962036, "epoch": 13, "iteration": 251}
{"train_loss": 1.1411830186843872, "epoch": 13, "iteration": 261}
{"train_loss": 1.1426881551742554, "epoch": 13, "iteration": 271}
{"train_loss": 1.1408886909484863, "epoch": 13, "iteration": 281}
{"train_loss": 1.1415573358535767, "epoch": 13, "iteration": 291}
{"train_loss": 1.1404253244400024, "epoch": 13, "iteration": 301}
{"train_loss": 1.142937421798706, "epoch": 13, "iteration": 311}
Epoch 13/100, Val Loss: 3.0364
Epoch 14/100
{"train_loss": 1.1446477174758911, "epoch": 14, "iteration": 1}
{"train_loss": 1.140944480895996, "epoch": 14, "iteration": 11}
{"train_loss": 1.141182541847229, "epoch": 14, "iteration": 21}
{"train_loss": 1.142669439315796, "epoch": 14, "iteration": 31}
{"train_loss": 1.1426658630371094, "epoch": 14, "iteration": 41}
{"train_loss": 1.140817642211914, "epoch": 14, "iteration": 51}
{"train_loss": 1.1412289142608643, "epoch": 14, "iteration": 61}
{"train_loss": 1.14006769657135, "epoch": 14, "iteration": 71}
{"train_loss": 1.139326810836792, "epoch": 14, "iteration": 81}
{"train_loss": 1.1425402164459229, "epoch": 14, "iteration": 91}
{"train_loss": 1.1411594152450562, "epoch": 14, "iteration": 101}
{"train_loss": 1.1415393352508545, "epoch": 14, "iteration": 111}
{"train_loss": 1.142986536026001, "epoch": 14, "iteration": 121}
{"train_loss": 1.1417235136032104, "epoch": 14, "iteration": 131}
{"train_loss": 1.1419012546539307, "epoch": 14, "iteration": 141}
{"train_loss": 1.1424314975738525, "epoch": 14, "iteration": 151}
{"train_loss": 1.1432383060455322, "epoch": 14, "iteration": 161}
{"train_loss": 1.1442580223083496, "epoch": 14, "iteration": 171}
{"train_loss": 1.1471107006072998, "epoch": 14, "iteration": 181}
{"train_loss": 1.1464009284973145, "epoch": 14, "iteration": 191}
{"train_loss": 1.1463464498519897, "epoch": 14, "iteration": 201}
{"train_loss": 1.1480005979537964, "epoch": 14, "iteration": 211}
{"train_loss": 1.149721622467041, "epoch": 14, "iteration": 221}
{"train_loss": 1.1489430665969849, "epoch": 14, "iteration": 231}
{"train_loss": 1.153510332107544, "epoch": 14, "iteration": 241}
{"train_loss": 1.1527130603790283, "epoch": 14, "iteration": 251}
{"train_loss": 1.151553988456726, "epoch": 14, "iteration": 261}
{"train_loss": 1.152313470840454, "epoch": 14, "iteration": 271}
{"train_loss": 1.15059232711792, "epoch": 14, "iteration": 281}
{"train_loss": 1.1516960859298706, "epoch": 14, "iteration": 291}
{"train_loss": 1.1499686241149902, "epoch": 14, "iteration": 301}
{"train_loss": 1.1495497226715088, "epoch": 14, "iteration": 311}
Epoch 14/100, Val Loss: 3.0355
Epoch 15/100
{"train_loss": 1.1519365310668945, "epoch": 15, "iteration": 1}
{"train_loss": 1.1498265266418457, "epoch": 15, "iteration": 11}
{"train_loss": 1.1508392095565796, "epoch": 15, "iteration": 21}
{"train_loss": 1.1494834423065186, "epoch": 15, "iteration": 31}
{"train_loss": 1.1480355262756348, "epoch": 15, "iteration": 41}
{"train_loss": 1.1483837366104126, "epoch": 15, "iteration": 51}
{"train_loss": 1.1492096185684204, "epoch": 15, "iteration": 61}
{"train_loss": 1.148029088973999, "epoch": 15, "iteration": 71}
{"train_loss": 1.1481547355651855, "epoch": 15, "iteration": 81}
{"train_loss": 1.1496171951293945, "epoch": 15, "iteration": 91}
{"train_loss": 1.1498321294784546, "epoch": 15, "iteration": 101}
{"train_loss": 1.1499944925308228, "epoch": 15, "iteration": 111}
{"train_loss": 1.148720145225525, "epoch": 15, "iteration": 121}
{"train_loss": 1.1506593227386475, "epoch": 15, "iteration": 131}
{"train_loss": 1.1470953226089478, "epoch": 15, "iteration": 141}
{"train_loss": 1.1471854448318481, "epoch": 15, "iteration": 151}
{"train_loss": 1.145227313041687, "epoch": 15, "iteration": 161}
{"train_loss": 1.1467138528823853, "epoch": 15, "iteration": 171}
{"train_loss": 1.1488800048828125, "epoch": 15, "iteration": 181}
{"train_loss": 1.1481889486312866, "epoch": 15, "iteration": 191}
{"train_loss": 1.1479932069778442, "epoch": 15, "iteration": 201}
{"train_loss": 1.1488873958587646, "epoch": 15, "iteration": 211}
{"train_loss": 1.1499543190002441, "epoch": 15, "iteration": 221}
{"train_loss": 1.1485408544540405, "epoch": 15, "iteration": 231}
{"train_loss": 1.1495791673660278, "epoch": 15, "iteration": 241}
{"train_loss": 1.150269627571106, "epoch": 15, "iteration": 251}
{"train_loss": 1.1478086709976196, "epoch": 15, "iteration": 261}
{"train_loss": 1.148457407951355, "epoch": 15, "iteration": 271}
{"train_loss": 1.1466937065124512, "epoch": 15, "iteration": 281}
{"train_loss": 1.1480326652526855, "epoch": 15, "iteration": 291}
{"train_loss": 1.146743655204773, "epoch": 15, "iteration": 301}
{"train_loss": 1.1476060152053833, "epoch": 15, "iteration": 311}
Epoch 15/100, Val Loss: 3.0361
Epoch 16/100
{"train_loss": 1.1480276584625244, "epoch": 16, "iteration": 1}
{"train_loss": 1.1480153799057007, "epoch": 16, "iteration": 11}
{"train_loss": 1.148004174232483, "epoch": 16, "iteration": 21}
{"train_loss": 1.1472158432006836, "epoch": 16, "iteration": 31}
{"train_loss": 1.1483832597732544, "epoch": 16, "iteration": 41}
{"train_loss": 1.1454256772994995, "epoch": 16, "iteration": 51}
{"train_loss": 1.1479477882385254, "epoch": 16, "iteration": 61}
{"train_loss": 1.1472982168197632, "epoch": 16, "iteration": 71}
{"train_loss": 1.1465504169464111, "epoch": 16, "iteration": 81}
{"train_loss": 1.1507229804992676, "epoch": 16, "iteration": 91}
{"train_loss": 1.148471474647522, "epoch": 16, "iteration": 101}
{"train_loss": 1.148979902267456, "epoch": 16, "iteration": 111}
{"train_loss": 1.1491668224334717, "epoch": 16, "iteration": 121}
{"train_loss": 1.1501213312149048, "epoch": 16, "iteration": 131}
{"train_loss": 1.1500409841537476, "epoch": 16, "iteration": 141}
{"train_loss": 1.1509459018707275, "epoch": 16, "iteration": 151}
{"train_loss": 1.150705337524414, "epoch": 16, "iteration": 161}
{"train_loss": 1.1512060165405273, "epoch": 16, "iteration": 171}
{"train_loss": 1.1516549587249756, "epoch": 16, "iteration": 181}
{"train_loss": 1.150744080543518, "epoch": 16, "iteration": 191}
{"train_loss": 1.1500669717788696, "epoch": 16, "iteration": 201}
{"train_loss": 1.150173544883728, "epoch": 16, "iteration": 211}
{"train_loss": 1.1514301300048828, "epoch": 16, "iteration": 221}
{"train_loss": 1.1500149965286255, "epoch": 16, "iteration": 231}
{"train_loss": 1.1535488367080688, "epoch": 16, "iteration": 241}
{"train_loss": 1.1543090343475342, "epoch": 16, "iteration": 251}
{"train_loss": 1.152005672454834, "epoch": 16, "iteration": 261}
{"train_loss": 1.153856873512268, "epoch": 16, "iteration": 271}
{"train_loss": 1.1529735326766968, "epoch": 16, "iteration": 281}
{"train_loss": 1.1567007303237915, "epoch": 16, "iteration": 291}
{"train_loss": 1.1550400257110596, "epoch": 16, "iteration": 301}
{"train_loss": 1.1551237106323242, "epoch": 16, "iteration": 311}
Epoch 16/100, Val Loss: 3.0361
Epoch 17/100
{"train_loss": 1.15616774559021, "epoch": 17, "iteration": 1}
{"train_loss": 1.156459093093872, "epoch": 17, "iteration": 11}
{"train_loss": 1.158555269241333, "epoch": 17, "iteration": 21}
{"train_loss": 1.1581968069076538, "epoch": 17, "iteration": 31}
{"train_loss": 1.1586049795150757, "epoch": 17, "iteration": 41}
{"train_loss": 1.1549478769302368, "epoch": 17, "iteration": 51}
{"train_loss": 1.1567381620407104, "epoch": 17, "iteration": 61}
{"train_loss": 1.1584075689315796, "epoch": 17, "iteration": 71}
{"train_loss": 1.1580677032470703, "epoch": 17, "iteration": 81}
{"train_loss": 1.1602035760879517, "epoch": 17, "iteration": 91}
{"train_loss": 1.1610487699508667, "epoch": 17, "iteration": 101}
{"train_loss": 1.160262107849121, "epoch": 17, "iteration": 111}
{"train_loss": 1.1594507694244385, "epoch": 17, "iteration": 121}
{"train_loss": 1.1616166830062866, "epoch": 17, "iteration": 131}
{"train_loss": 1.165771245956421, "epoch": 17, "iteration": 141}
{"train_loss": 1.1601126194000244, "epoch": 17, "iteration": 151}
{"train_loss": 1.1582022905349731, "epoch": 17, "iteration": 161}
{"train_loss": 1.1600704193115234, "epoch": 17, "iteration": 171}
{"train_loss": 1.1575347185134888, "epoch": 17, "iteration": 181}
{"train_loss": 1.1569770574569702, "epoch": 17, "iteration": 191}
{"train_loss": 1.1548610925674438, "epoch": 17, "iteration": 201}
{"train_loss": 1.153817057609558, "epoch": 17, "iteration": 211}
{"train_loss": 1.1566261053085327, "epoch": 17, "iteration": 221}
{"train_loss": 1.1545048952102661, "epoch": 17, "iteration": 231}
{"train_loss": 1.1565546989440918, "epoch": 17, "iteration": 241}
{"train_loss": 1.1593259572982788, "epoch": 17, "iteration": 251}
{"train_loss": 1.1575807332992554, "epoch": 17, "iteration": 261}
{"train_loss": 1.1597826480865479, "epoch": 17, "iteration": 271}
{"train_loss": 1.1567896604537964, "epoch": 17, "iteration": 281}
{"train_loss": 1.1596707105636597, "epoch": 17, "iteration": 291}
{"train_loss": 1.1567342281341553, "epoch": 17, "iteration": 301}
{"train_loss": 1.1617212295532227, "epoch": 17, "iteration": 311}
Epoch 17/100, Val Loss: 3.0382
Epoch 18/100
{"train_loss": 1.162622094154358, "epoch": 18, "iteration": 1}
{"train_loss": 1.16061270236969, "epoch": 18, "iteration": 11}
{"train_loss": 1.1609127521514893, "epoch": 18, "iteration": 21}
{"train_loss": 1.1637343168258667, "epoch": 18, "iteration": 31}
{"train_loss": 1.1629838943481445, "epoch": 18, "iteration": 41}
{"train_loss": 1.161303997039795, "epoch": 18, "iteration": 51}
{"train_loss": 1.1633023023605347, "epoch": 18, "iteration": 61}
{"train_loss": 1.162785291671753, "epoch": 18, "iteration": 71}
{"train_loss": 1.161985158920288, "epoch": 18, "iteration": 81}
{"train_loss": 1.1648002862930298, "epoch": 18, "iteration": 91}
{"train_loss": 1.165486216545105, "epoch": 18, "iteration": 101}
{"train_loss": 1.163002610206604, "epoch": 18, "iteration": 111}
{"train_loss": 1.1630570888519287, "epoch": 18, "iteration": 121}
{"train_loss": 1.1634882688522339, "epoch": 18, "iteration": 131}
{"train_loss": 1.1606112718582153, "epoch": 18, "iteration": 141}
{"train_loss": 1.1610219478607178, "epoch": 18, "iteration": 151}
{"train_loss": 1.1588640213012695, "epoch": 18, "iteration": 161}
{"train_loss": 1.1608903408050537, "epoch": 18, "iteration": 171}
{"train_loss": 1.1596083641052246, "epoch": 18, "iteration": 181}
{"train_loss": 1.1602712869644165, "epoch": 18, "iteration": 191}
{"train_loss": 1.1583701372146606, "epoch": 18, "iteration": 201}
{"train_loss": 1.1586498022079468, "epoch": 18, "iteration": 211}
{"train_loss": 1.158882975578308, "epoch": 18, "iteration": 221}
{"train_loss": 1.1600509881973267, "epoch": 18, "iteration": 231}
{"train_loss": 1.165956974029541, "epoch": 18, "iteration": 241}
{"train_loss": 1.1654373407363892, "epoch": 18, "iteration": 251}
{"train_loss": 1.162175178527832, "epoch": 18, "iteration": 261}
{"train_loss": 1.16425359249115, "epoch": 18, "iteration": 271}
{"train_loss": 1.165113091468811, "epoch": 18, "iteration": 281}
{"train_loss": 1.1670879125595093, "epoch": 18, "iteration": 291}
{"train_loss": 1.168540358543396, "epoch": 18, "iteration": 301}
{"train_loss": 1.1671327352523804, "epoch": 18, "iteration": 311}
Epoch 18/100, Val Loss: 3.0365
Epoch 19/100
{"train_loss": 1.1678134202957153, "epoch": 19, "iteration": 1}
{"train_loss": 1.165392518043518, "epoch": 19, "iteration": 11}
{"train_loss": 1.167014718055725, "epoch": 19, "iteration": 21}
{"train_loss": 1.1684150695800781, "epoch": 19, "iteration": 31}
{"train_loss": 1.1713489294052124, "epoch": 19, "iteration": 41}
{"train_loss": 1.1675630807876587, "epoch": 19, "iteration": 51}
{"train_loss": 1.1688365936279297, "epoch": 19, "iteration": 61}
{"train_loss": 1.169959545135498, "epoch": 19, "iteration": 71}
{"train_loss": 1.1688944101333618, "epoch": 19, "iteration": 81}
{"train_loss": 1.1724824905395508, "epoch": 19, "iteration": 91}
{"train_loss": 1.1685963869094849, "epoch": 19, "iteration": 101}
{"train_loss": 1.1671985387802124, "epoch": 19, "iteration": 111}
{"train_loss": 1.1722811460494995, "epoch": 19, "iteration": 121}
{"train_loss": 1.1719985008239746, "epoch": 19, "iteration": 131}
{"train_loss": 1.1690912246704102, "epoch": 19, "iteration": 141}
{"train_loss": 1.1736918687820435, "epoch": 19, "iteration": 151}
{"train_loss": 1.1740597486495972, "epoch": 19, "iteration": 161}
{"train_loss": 1.1732367277145386, "epoch": 19, "iteration": 171}
{"train_loss": 1.1771454811096191, "epoch": 19, "iteration": 181}
{"train_loss": 1.1812078952789307, "epoch": 19, "iteration": 191}
{"train_loss": 1.1822397708892822, "epoch": 19, "iteration": 201}
{"train_loss": 1.1739509105682373, "epoch": 19, "iteration": 211}
{"train_loss": 1.171466588973999, "epoch": 19, "iteration": 221}
{"train_loss": 1.1701290607452393, "epoch": 19, "iteration": 231}
{"train_loss": 1.1921459436416626, "epoch": 19, "iteration": 241}
{"train_loss": 1.172739863395691, "epoch": 19, "iteration": 251}
{"train_loss": 1.1705131530761719, "epoch": 19, "iteration": 261}
{"train_loss": 1.1805756092071533, "epoch": 19, "iteration": 271}
{"train_loss": 1.1784662008285522, "epoch": 19, "iteration": 281}
{"train_loss": 1.1733825206756592, "epoch": 19, "iteration": 291}
{"train_loss": 1.1975975036621094, "epoch": 19, "iteration": 301}
{"train_loss": 1.1951714754104614, "epoch": 19, "iteration": 311}
Epoch 19/100, Val Loss: 3.0682
Epoch 20/100
{"train_loss": 1.1996917724609375, "epoch": 20, "iteration": 1}
{"train_loss": 1.1987019777297974, "epoch": 20, "iteration": 11}
{"train_loss": 1.2046067714691162, "epoch": 20, "iteration": 21}
{"train_loss": 1.2165758609771729, "epoch": 20, "iteration": 31}
{"train_loss": 1.2037758827209473, "epoch": 20, "iteration": 41}
{"train_loss": 1.2187769412994385, "epoch": 20, "iteration": 51}
{"train_loss": 1.2313098907470703, "epoch": 20, "iteration": 61}
{"train_loss": 1.2268999814987183, "epoch": 20, "iteration": 71}
{"train_loss": 1.3094167709350586, "epoch": 20, "iteration": 81}
{"train_loss": 1.323852777481079, "epoch": 20, "iteration": 91}
{"train_loss": 1.2616249322891235, "epoch": 20, "iteration": 101}
{"train_loss": 1.2448533773422241, "epoch": 20, "iteration": 111}
{"train_loss": 1.2399506568908691, "epoch": 20, "iteration": 121}
{"train_loss": 1.2331480979919434, "epoch": 20, "iteration": 131}
{"train_loss": 1.2307581901550293, "epoch": 20, "iteration": 141}
{"train_loss": 1.2223939895629883, "epoch": 20, "iteration": 151}
{"train_loss": 1.2238143682479858, "epoch": 20, "iteration": 161}
{"train_loss": 1.2136787176132202, "epoch": 20, "iteration": 171}
{"train_loss": 1.1909433603286743, "epoch": 20, "iteration": 181}
{"train_loss": 1.1861928701400757, "epoch": 20, "iteration": 191}
{"train_loss": 1.2134171724319458, "epoch": 20, "iteration": 201}
{"train_loss": 1.1744076013565063, "epoch": 20, "iteration": 211}
{"train_loss": 1.1611984968185425, "epoch": 20, "iteration": 221}
{"train_loss": 1.155993938446045, "epoch": 20, "iteration": 231}
{"train_loss": 1.1487220525741577, "epoch": 20, "iteration": 241}
{"train_loss": 1.1416640281677246, "epoch": 20, "iteration": 251}
{"train_loss": 1.137054443359375, "epoch": 20, "iteration": 261}
{"train_loss": 1.1444203853607178, "epoch": 20, "iteration": 271}
{"train_loss": 1.1701756715774536, "epoch": 20, "iteration": 281}
{"train_loss": 1.1396197080612183, "epoch": 20, "iteration": 291}
{"train_loss": 1.1280145645141602, "epoch": 20, "iteration": 301}
{"train_loss": 1.128543734550476, "epoch": 20, "iteration": 311}
Epoch 20/100, Val Loss: 3.0754
Epoch 21/100
{"train_loss": 1.1264933347702026, "epoch": 21, "iteration": 1}
{"train_loss": 1.1270872354507446, "epoch": 21, "iteration": 11}
{"train_loss": 1.13771653175354, "epoch": 21, "iteration": 21}
{"train_loss": 1.1226696968078613, "epoch": 21, "iteration": 31}
{"train_loss": 1.1175527572631836, "epoch": 21, "iteration": 41}
{"train_loss": 1.1292120218276978, "epoch": 21, "iteration": 51}
{"train_loss": 1.1361279487609863, "epoch": 21, "iteration": 61}
{"train_loss": 1.1305480003356934, "epoch": 21, "iteration": 71}
{"train_loss": 1.1264266967773438, "epoch": 21, "iteration": 81}
{"train_loss": 1.127842903137207, "epoch": 21, "iteration": 91}
{"train_loss": 1.1300660371780396, "epoch": 21, "iteration": 101}
{"train_loss": 1.1191092729568481, "epoch": 21, "iteration": 111}
{"train_loss": 1.125028371810913, "epoch": 21, "iteration": 121}
{"train_loss": 1.136306643486023, "epoch": 21, "iteration": 131}
{"train_loss": 1.1737570762634277, "epoch": 21, "iteration": 141}
{"train_loss": 1.14607834815979, "epoch": 21, "iteration": 151}
{"train_loss": 1.146187663078308, "epoch": 21, "iteration": 161}
{"train_loss": 1.1447479724884033, "epoch": 21, "iteration": 171}
{"train_loss": 1.1435738801956177, "epoch": 21, "iteration": 181}
{"train_loss": 1.1447118520736694, "epoch": 21, "iteration": 191}
{"train_loss": 1.1476160287857056, "epoch": 21, "iteration": 201}
{"train_loss": 1.144719123840332, "epoch": 21, "iteration": 211}
{"train_loss": 1.1500425338745117, "epoch": 21, "iteration": 221}
{"train_loss": 1.1544129848480225, "epoch": 21, "iteration": 231}
{"train_loss": 1.1519358158111572, "epoch": 21, "iteration": 241}
{"train_loss": 1.1512196063995361, "epoch": 21, "iteration": 251}
{"train_loss": 1.1546473503112793, "epoch": 21, "iteration": 261}
{"train_loss": 1.1751480102539062, "epoch": 21, "iteration": 271}
{"train_loss": 1.1529613733291626, "epoch": 21, "iteration": 281}
{"train_loss": 1.1499673128128052, "epoch": 21, "iteration": 291}
{"train_loss": 1.1490564346313477, "epoch": 21, "iteration": 301}
{"train_loss": 1.1436203718185425, "epoch": 21, "iteration": 311}
Epoch 21/100, Val Loss: 3.0623
Epoch 22/100
{"train_loss": 1.1485053300857544, "epoch": 22, "iteration": 1}
{"train_loss": 1.1595062017440796, "epoch": 22, "iteration": 11}
{"train_loss": 1.178526520729065, "epoch": 22, "iteration": 21}
{"train_loss": 1.1636327505111694, "epoch": 22, "iteration": 31}
{"train_loss": 1.1585922241210938, "epoch": 22, "iteration": 41}
{"train_loss": 1.155661702156067, "epoch": 22, "iteration": 51}
{"train_loss": 1.1573971509933472, "epoch": 22, "iteration": 61}
{"train_loss": 1.1635301113128662, "epoch": 22, "iteration": 71}
{"train_loss": 1.1618750095367432, "epoch": 22, "iteration": 81}
{"train_loss": 1.166935920715332, "epoch": 22, "iteration": 91}
{"train_loss": 1.1733016967773438, "epoch": 22, "iteration": 101}
{"train_loss": 1.1677013635635376, "epoch": 22, "iteration": 111}
{"train_loss": 1.161001443862915, "epoch": 22, "iteration": 121}
{"train_loss": 1.1656711101531982, "epoch": 22, "iteration": 131}
{"train_loss": 1.1907644271850586, "epoch": 22, "iteration": 141}
{"train_loss": 1.1960984468460083, "epoch": 22, "iteration": 151}
{"train_loss": 1.1707004308700562, "epoch": 22, "iteration": 161}
{"train_loss": 1.1934890747070312, "epoch": 22, "iteration": 171}
{"train_loss": 1.1755260229110718, "epoch": 22, "iteration": 181}
{"train_loss": 1.1719688177108765, "epoch": 22, "iteration": 191}
{"train_loss": 1.1919256448745728, "epoch": 22, "iteration": 201}
{"train_loss": 1.1689010858535767, "epoch": 22, "iteration": 211}
{"train_loss": 1.1706663370132446, "epoch": 22, "iteration": 221}
{"train_loss": 1.1643887758255005, "epoch": 22, "iteration": 231}
{"train_loss": 1.1610426902770996, "epoch": 22, "iteration": 241}
{"train_loss": 1.1722486019134521, "epoch": 22, "iteration": 251}
{"train_loss": 1.1987971067428589, "epoch": 22, "iteration": 261}
{"train_loss": 1.1883090734481812, "epoch": 22, "iteration": 271}
{"train_loss": 1.1846108436584473, "epoch": 22, "iteration": 281}
{"train_loss": 1.1796296834945679, "epoch": 22, "iteration": 291}
{"train_loss": 1.20505952835083, "epoch": 22, "iteration": 301}
{"train_loss": 1.1846414804458618, "epoch": 22, "iteration": 311}
Epoch 22/100, Val Loss: 3.0748
Epoch 23/100
{"train_loss": 1.177039384841919, "epoch": 23, "iteration": 1}
{"train_loss": 1.170636773109436, "epoch": 23, "iteration": 11}
{"train_loss": 1.1691595315933228, "epoch": 23, "iteration": 21}
{"train_loss": 1.1803066730499268, "epoch": 23, "iteration": 31}
{"train_loss": 1.2316498756408691, "epoch": 23, "iteration": 41}
{"train_loss": 1.1993941068649292, "epoch": 23, "iteration": 51}
{"train_loss": 1.1935640573501587, "epoch": 23, "iteration": 61}
{"train_loss": 1.1884725093841553, "epoch": 23, "iteration": 71}
{"train_loss": 1.185335397720337, "epoch": 23, "iteration": 81}
{"train_loss": 1.1791532039642334, "epoch": 23, "iteration": 91}
{"train_loss": 1.1813204288482666, "epoch": 23, "iteration": 101}
{"train_loss": 1.1847914457321167, "epoch": 23, "iteration": 111}
{"train_loss": 1.1977676153182983, "epoch": 23, "iteration": 121}
{"train_loss": 1.183006763458252, "epoch": 23, "iteration": 131}
{"train_loss": 1.1791499853134155, "epoch": 23, "iteration": 141}
{"train_loss": 1.191839575767517, "epoch": 23, "iteration": 151}
{"train_loss": 1.1778086423873901, "epoch": 23, "iteration": 161}
{"train_loss": 1.1672911643981934, "epoch": 23, "iteration": 171}
{"train_loss": 1.202888011932373, "epoch": 23, "iteration": 181}
{"train_loss": 1.2003291845321655, "epoch": 23, "iteration": 191}
{"train_loss": 1.230725884437561, "epoch": 23, "iteration": 201}
{"train_loss": 1.20132315158844, "epoch": 23, "iteration": 211}
{"train_loss": 1.188887596130371, "epoch": 23, "iteration": 221}
{"train_loss": 1.1863927841186523, "epoch": 23, "iteration": 231}
{"train_loss": 1.1829514503479004, "epoch": 23, "iteration": 241}
{"train_loss": 1.1722266674041748, "epoch": 23, "iteration": 251}
{"train_loss": 1.16685152053833, "epoch": 23, "iteration": 261}
{"train_loss": 1.1577250957489014, "epoch": 23, "iteration": 271}
{"train_loss": 1.155012845993042, "epoch": 23, "iteration": 281}
{"train_loss": 1.1493991613388062, "epoch": 23, "iteration": 291}
{"train_loss": 1.1546205282211304, "epoch": 23, "iteration": 301}
{"train_loss": 1.1544888019561768, "epoch": 23, "iteration": 311}
Epoch 23/100, Val Loss: 3.1792
Epoch 24/100
{"train_loss": 1.2535041570663452, "epoch": 24, "iteration": 1}
{"train_loss": 1.1622645854949951, "epoch": 24, "iteration": 11}
{"train_loss": 1.1605801582336426, "epoch": 24, "iteration": 21}
{"train_loss": 1.1571576595306396, "epoch": 24, "iteration": 31}
{"train_loss": 1.162716031074524, "epoch": 24, "iteration": 41}
{"train_loss": 1.1504225730895996, "epoch": 24, "iteration": 51}
{"train_loss": 1.1575562953948975, "epoch": 24, "iteration": 61}
{"train_loss": 1.1539700031280518, "epoch": 24, "iteration": 71}
{"train_loss": 1.1538758277893066, "epoch": 24, "iteration": 81}
{"train_loss": 1.1678175926208496, "epoch": 24, "iteration": 91}
{"train_loss": 1.151928424835205, "epoch": 24, "iteration": 101}
{"train_loss": 1.1467348337173462, "epoch": 24, "iteration": 111}
{"train_loss": 1.1433157920837402, "epoch": 24, "iteration": 121}
{"train_loss": 1.1430152654647827, "epoch": 24, "iteration": 131}
{"train_loss": 1.1439025402069092, "epoch": 24, "iteration": 141}
{"train_loss": 1.1489225625991821, "epoch": 24, "iteration": 151}
{"train_loss": 1.1464693546295166, "epoch": 24, "iteration": 161}
{"train_loss": 1.1473910808563232, "epoch": 24, "iteration": 171}
{"train_loss": 1.1475352048873901, "epoch": 24, "iteration": 181}
{"train_loss": 1.145891785621643, "epoch": 24, "iteration": 191}
{"train_loss": 1.1479228734970093, "epoch": 24, "iteration": 201}
{"train_loss": 1.1598622798919678, "epoch": 24, "iteration": 211}
{"train_loss": 1.157732367515564, "epoch": 24, "iteration": 221}
{"train_loss": 1.1506714820861816, "epoch": 24, "iteration": 231}
{"train_loss": 1.1561713218688965, "epoch": 24, "iteration": 241}
{"train_loss": 1.171303153038025, "epoch": 24, "iteration": 251}
{"train_loss": 1.2138712406158447, "epoch": 24, "iteration": 261}
{"train_loss": 1.232198715209961, "epoch": 24, "iteration": 271}
{"train_loss": 1.1781995296478271, "epoch": 24, "iteration": 281}
{"train_loss": 1.1565974950790405, "epoch": 24, "iteration": 291}
{"train_loss": 1.138329029083252, "epoch": 24, "iteration": 301}
{"train_loss": 1.135186791419983, "epoch": 24, "iteration": 311}
Epoch 24/100, Val Loss: 3.0949
Epoch 25/100
{"train_loss": 1.1409107446670532, "epoch": 25, "iteration": 1}
{"train_loss": 1.1581441164016724, "epoch": 25, "iteration": 11}
{"train_loss": 1.1409244537353516, "epoch": 25, "iteration": 21}
{"train_loss": 1.1358386278152466, "epoch": 25, "iteration": 31}
{"train_loss": 1.1292871236801147, "epoch": 25, "iteration": 41}
{"train_loss": 1.1336135864257812, "epoch": 25, "iteration": 51}
{"train_loss": 1.1447333097457886, "epoch": 25, "iteration": 61}
{"train_loss": 1.21526038646698, "epoch": 25, "iteration": 71}
{"train_loss": 1.1874334812164307, "epoch": 25, "iteration": 81}
{"train_loss": 1.184960961341858, "epoch": 25, "iteration": 91}
{"train_loss": 1.2042438983917236, "epoch": 25, "iteration": 101}
{"train_loss": 1.1895469427108765, "epoch": 25, "iteration": 111}
{"train_loss": 1.1880395412445068, "epoch": 25, "iteration": 121}
{"train_loss": 1.205308437347412, "epoch": 25, "iteration": 131}
{"train_loss": 1.1978131532669067, "epoch": 25, "iteration": 141}
{"train_loss": 1.1956959962844849, "epoch": 25, "iteration": 151}
{"train_loss": 1.1927047967910767, "epoch": 25, "iteration": 161}
{"train_loss": 1.1870101690292358, "epoch": 25, "iteration": 171}
{"train_loss": 1.1988537311553955, "epoch": 25, "iteration": 181}
{"train_loss": 1.1929559707641602, "epoch": 25, "iteration": 191}
{"train_loss": 1.1975735425949097, "epoch": 25, "iteration": 201}
{"train_loss": 1.2172046899795532, "epoch": 25, "iteration": 211}
{"train_loss": 1.2017141580581665, "epoch": 25, "iteration": 221}
{"train_loss": 1.2143343687057495, "epoch": 25, "iteration": 231}
{"train_loss": 1.225942850112915, "epoch": 25, "iteration": 241}
{"train_loss": 1.2288808822631836, "epoch": 25, "iteration": 251}
{"train_loss": 1.192294955253601, "epoch": 25, "iteration": 261}
{"train_loss": 1.197074055671692, "epoch": 25, "iteration": 271}
{"train_loss": 1.194647192955017, "epoch": 25, "iteration": 281}
{"train_loss": 1.1859334707260132, "epoch": 25, "iteration": 291}
{"train_loss": 1.2066069841384888, "epoch": 25, "iteration": 301}
{"train_loss": 1.220041275024414, "epoch": 25, "iteration": 311}
Epoch 25/100, Val Loss: 3.1174
Epoch 26/100
{"train_loss": 1.2216194868087769, "epoch": 26, "iteration": 1}
{"train_loss": 1.2061063051223755, "epoch": 26, "iteration": 11}
{"train_loss": 1.2042086124420166, "epoch": 26, "iteration": 21}
{"train_loss": 1.1993259191513062, "epoch": 26, "iteration": 31}
{"train_loss": 1.203415036201477, "epoch": 26, "iteration": 41}
{"train_loss": 1.186191439628601, "epoch": 26, "iteration": 51}
{"train_loss": 1.2392807006835938, "epoch": 26, "iteration": 61}
{"train_loss": 1.2795580625534058, "epoch": 26, "iteration": 71}
{"train_loss": 1.2257310152053833, "epoch": 26, "iteration": 81}
{"train_loss": 1.2131844758987427, "epoch": 26, "iteration": 91}
{"train_loss": 1.1995511054992676, "epoch": 26, "iteration": 101}
NaN or Inf found in 'loss' at iteration 109
