making imagenet data transforms
Loaded 590325 .npy files from the first 100000 folders in /raid/biplab/datasets/BENv1/BENMMfinal/
Loaded 590325 .npy files from the first 100000 folders in /raid/biplab/datasets/BENv1/BENMMfinal/
Npy dataset created
Dataset split: 472260 training samples, 118065 test samples
Train and test dataloaders created
making imagenet data transforms
Epoch 1/100
{"train_loss": 4.445372104644775, "epoch": 1, "iteration": 1}
{"train_loss": 2.4581174850463867, "epoch": 1, "iteration": 11}
{"train_loss": 2.1436009407043457, "epoch": 1, "iteration": 21}
{"train_loss": 1.9575756788253784, "epoch": 1, "iteration": 31}
{"train_loss": 1.7990349531173706, "epoch": 1, "iteration": 41}
{"train_loss": 1.7261141538619995, "epoch": 1, "iteration": 51}
{"train_loss": 1.6358286142349243, "epoch": 1, "iteration": 61}
{"train_loss": 1.6356557607650757, "epoch": 1, "iteration": 71}
{"train_loss": 1.5645275115966797, "epoch": 1, "iteration": 81}
{"train_loss": 1.511614203453064, "epoch": 1, "iteration": 91}
{"train_loss": 1.4765510559082031, "epoch": 1, "iteration": 101}
{"train_loss": 1.493088722229004, "epoch": 1, "iteration": 111}
{"train_loss": 1.4846603870391846, "epoch": 1, "iteration": 121}
{"train_loss": 1.436044454574585, "epoch": 1, "iteration": 131}
{"train_loss": 1.4116061925888062, "epoch": 1, "iteration": 141}
{"train_loss": 1.4015693664550781, "epoch": 1, "iteration": 151}
{"train_loss": 1.3812086582183838, "epoch": 1, "iteration": 161}
{"train_loss": 1.404232382774353, "epoch": 1, "iteration": 171}
{"train_loss": 1.3982573747634888, "epoch": 1, "iteration": 181}
{"train_loss": 1.349755883216858, "epoch": 1, "iteration": 191}
{"train_loss": 1.3844997882843018, "epoch": 1, "iteration": 201}
{"train_loss": 1.3704112768173218, "epoch": 1, "iteration": 211}
{"train_loss": 1.3459734916687012, "epoch": 1, "iteration": 221}
{"train_loss": 1.3204991817474365, "epoch": 1, "iteration": 231}
{"train_loss": 1.313568353652954, "epoch": 1, "iteration": 241}
{"train_loss": 1.2785016298294067, "epoch": 1, "iteration": 251}
{"train_loss": 1.2867615222930908, "epoch": 1, "iteration": 261}
{"train_loss": 1.2735671997070312, "epoch": 1, "iteration": 271}
{"train_loss": 1.2695523500442505, "epoch": 1, "iteration": 281}
{"train_loss": 1.250438928604126, "epoch": 1, "iteration": 291}
{"train_loss": 1.2711819410324097, "epoch": 1, "iteration": 301}
{"train_loss": 1.242491364479065, "epoch": 1, "iteration": 311}
{"train_loss": 1.2303736209869385, "epoch": 1, "iteration": 321}
{"train_loss": 1.232046365737915, "epoch": 1, "iteration": 331}
{"train_loss": 1.2134546041488647, "epoch": 1, "iteration": 341}
{"train_loss": 1.2184443473815918, "epoch": 1, "iteration": 351}
{"train_loss": 1.194896936416626, "epoch": 1, "iteration": 361}
{"train_loss": 1.198273777961731, "epoch": 1, "iteration": 371}
{"train_loss": 1.1906644105911255, "epoch": 1, "iteration": 381}
{"train_loss": 1.178633213043213, "epoch": 1, "iteration": 391}
{"train_loss": 1.186292052268982, "epoch": 1, "iteration": 401}
{"train_loss": 1.17318856716156, "epoch": 1, "iteration": 411}
{"train_loss": 1.174303650856018, "epoch": 1, "iteration": 421}
{"train_loss": 1.1625430583953857, "epoch": 1, "iteration": 431}
{"train_loss": 1.1576613187789917, "epoch": 1, "iteration": 441}
{"train_loss": 1.1598953008651733, "epoch": 1, "iteration": 451}
{"train_loss": 1.1592378616333008, "epoch": 1, "iteration": 461}
{"train_loss": 1.1552571058273315, "epoch": 1, "iteration": 471}
{"train_loss": 1.1676591634750366, "epoch": 1, "iteration": 481}
{"train_loss": 1.1412674188613892, "epoch": 1, "iteration": 491}
{"train_loss": 1.135855793952942, "epoch": 1, "iteration": 501}
{"train_loss": 1.1396934986114502, "epoch": 1, "iteration": 511}
{"train_loss": 1.1302353143692017, "epoch": 1, "iteration": 521}
{"train_loss": 1.1251813173294067, "epoch": 1, "iteration": 531}
{"train_loss": 1.134068489074707, "epoch": 1, "iteration": 541}
{"train_loss": 1.1251239776611328, "epoch": 1, "iteration": 551}
{"train_loss": 1.1152466535568237, "epoch": 1, "iteration": 561}
{"train_loss": 1.1201276779174805, "epoch": 1, "iteration": 571}
{"train_loss": 1.1282581090927124, "epoch": 1, "iteration": 581}
{"train_loss": 1.1137620210647583, "epoch": 1, "iteration": 591}
{"train_loss": 1.1060234308242798, "epoch": 1, "iteration": 601}
{"train_loss": 1.119352102279663, "epoch": 1, "iteration": 611}
{"train_loss": 1.1113708019256592, "epoch": 1, "iteration": 621}
{"train_loss": 1.1037019491195679, "epoch": 1, "iteration": 631}
{"train_loss": 1.0961319208145142, "epoch": 1, "iteration": 641}
{"train_loss": 1.097479224205017, "epoch": 1, "iteration": 651}
{"train_loss": 1.0937962532043457, "epoch": 1, "iteration": 661}
{"train_loss": 1.091017246246338, "epoch": 1, "iteration": 671}
{"train_loss": 1.0882112979888916, "epoch": 1, "iteration": 681}
{"train_loss": 1.0832403898239136, "epoch": 1, "iteration": 691}
{"train_loss": 1.082396388053894, "epoch": 1, "iteration": 701}
{"train_loss": 1.0819456577301025, "epoch": 1, "iteration": 711}
{"train_loss": 1.0784498453140259, "epoch": 1, "iteration": 721}
{"train_loss": 1.0773355960845947, "epoch": 1, "iteration": 731}
{"train_loss": 1.084416151046753, "epoch": 1, "iteration": 741}
{"train_loss": 1.0831449031829834, "epoch": 1, "iteration": 751}
{"train_loss": 1.0756609439849854, "epoch": 1, "iteration": 761}
{"train_loss": 1.0823670625686646, "epoch": 1, "iteration": 771}
{"train_loss": 1.0722464323043823, "epoch": 1, "iteration": 781}
{"train_loss": 1.073754906654358, "epoch": 1, "iteration": 791}
{"train_loss": 1.0753366947174072, "epoch": 1, "iteration": 801}
{"train_loss": 1.0708703994750977, "epoch": 1, "iteration": 811}
{"train_loss": 1.067011833190918, "epoch": 1, "iteration": 821}
{"train_loss": 1.0719808340072632, "epoch": 1, "iteration": 831}
{"train_loss": 1.0679675340652466, "epoch": 1, "iteration": 841}
{"train_loss": 1.0682480335235596, "epoch": 1, "iteration": 851}
{"train_loss": 1.0679413080215454, "epoch": 1, "iteration": 861}
{"train_loss": 1.0664348602294922, "epoch": 1, "iteration": 871}
{"train_loss": 1.0656808614730835, "epoch": 1, "iteration": 881}
{"train_loss": 1.0710057020187378, "epoch": 1, "iteration": 891}
{"train_loss": 1.0637086629867554, "epoch": 1, "iteration": 901}
{"train_loss": 1.067094087600708, "epoch": 1, "iteration": 911}
{"train_loss": 1.0680288076400757, "epoch": 1, "iteration": 921}
{"train_loss": 1.0660746097564697, "epoch": 1, "iteration": 931}
{"train_loss": 1.064329743385315, "epoch": 1, "iteration": 941}
{"train_loss": 1.066798448562622, "epoch": 1, "iteration": 951}
{"train_loss": 1.0611340999603271, "epoch": 1, "iteration": 961}
{"train_loss": 1.0632702112197876, "epoch": 1, "iteration": 971}
{"train_loss": 1.0610243082046509, "epoch": 1, "iteration": 981}
{"train_loss": 1.0597565174102783, "epoch": 1, "iteration": 991}
{"train_loss": 1.062988042831421, "epoch": 1, "iteration": 1001}
{"train_loss": 1.0594258308410645, "epoch": 1, "iteration": 1011}
{"train_loss": 1.0625232458114624, "epoch": 1, "iteration": 1021}
{"train_loss": 1.0669866800308228, "epoch": 1, "iteration": 1031}
{"train_loss": 1.0606591701507568, "epoch": 1, "iteration": 1041}
{"train_loss": 1.0613983869552612, "epoch": 1, "iteration": 1051}
{"train_loss": 1.0634077787399292, "epoch": 1, "iteration": 1061}
{"train_loss": 1.0608570575714111, "epoch": 1, "iteration": 1071}
{"train_loss": 1.0630154609680176, "epoch": 1, "iteration": 1081}
{"train_loss": 1.0620464086532593, "epoch": 1, "iteration": 1091}
{"train_loss": 1.0622029304504395, "epoch": 1, "iteration": 1101}
{"train_loss": 1.0636870861053467, "epoch": 1, "iteration": 1111}
{"train_loss": 1.0620578527450562, "epoch": 1, "iteration": 1121}
{"train_loss": 1.065071702003479, "epoch": 1, "iteration": 1131}
{"train_loss": 1.0630178451538086, "epoch": 1, "iteration": 1141}
{"train_loss": 1.0628786087036133, "epoch": 1, "iteration": 1151}
{"train_loss": 1.0643556118011475, "epoch": 1, "iteration": 1161}
{"train_loss": 1.0640922784805298, "epoch": 1, "iteration": 1171}
{"train_loss": 1.0647292137145996, "epoch": 1, "iteration": 1181}
{"train_loss": 1.0633777379989624, "epoch": 1, "iteration": 1191}
{"train_loss": 1.0666754245758057, "epoch": 1, "iteration": 1201}
{"train_loss": 1.0665618181228638, "epoch": 1, "iteration": 1211}
{"train_loss": 1.0690805912017822, "epoch": 1, "iteration": 1221}
{"train_loss": 1.0670111179351807, "epoch": 1, "iteration": 1231}
{"train_loss": 1.067009687423706, "epoch": 1, "iteration": 1241}
{"train_loss": 1.068356990814209, "epoch": 1, "iteration": 1251}
{"train_loss": 1.0666816234588623, "epoch": 1, "iteration": 1261}
{"train_loss": 1.0755822658538818, "epoch": 1, "iteration": 1271}
{"train_loss": 1.071726679801941, "epoch": 1, "iteration": 1281}
{"train_loss": 1.0710465908050537, "epoch": 1, "iteration": 1291}
{"train_loss": 1.0712934732437134, "epoch": 1, "iteration": 1301}
{"train_loss": 1.06985604763031, "epoch": 1, "iteration": 1311}
{"train_loss": 1.0714483261108398, "epoch": 1, "iteration": 1321}
{"train_loss": 1.0719506740570068, "epoch": 1, "iteration": 1331}
{"train_loss": 1.0734556913375854, "epoch": 1, "iteration": 1341}
{"train_loss": 1.0748023986816406, "epoch": 1, "iteration": 1351}
{"train_loss": 1.0718090534210205, "epoch": 1, "iteration": 1361}
{"train_loss": 1.0729025602340698, "epoch": 1, "iteration": 1371}
{"train_loss": 1.0742576122283936, "epoch": 1, "iteration": 1381}
{"train_loss": 1.074802279472351, "epoch": 1, "iteration": 1391}
{"train_loss": 1.0776978731155396, "epoch": 1, "iteration": 1401}
{"train_loss": 1.0776855945587158, "epoch": 1, "iteration": 1411}
{"train_loss": 1.0745047330856323, "epoch": 1, "iteration": 1421}
{"train_loss": 1.079342007637024, "epoch": 1, "iteration": 1431}
{"train_loss": 1.077248454093933, "epoch": 1, "iteration": 1441}
{"train_loss": 1.078361988067627, "epoch": 1, "iteration": 1451}
{"train_loss": 1.0779932737350464, "epoch": 1, "iteration": 1461}
{"train_loss": 1.0796470642089844, "epoch": 1, "iteration": 1471}
{"train_loss": 1.0794717073440552, "epoch": 1, "iteration": 1481}
{"train_loss": 1.0784251689910889, "epoch": 1, "iteration": 1491}
{"train_loss": 1.0806955099105835, "epoch": 1, "iteration": 1501}
{"train_loss": 1.083627462387085, "epoch": 1, "iteration": 1511}
{"train_loss": 1.0820643901824951, "epoch": 1, "iteration": 1521}
{"train_loss": 1.0815670490264893, "epoch": 1, "iteration": 1531}
{"train_loss": 1.0837574005126953, "epoch": 1, "iteration": 1541}
{"train_loss": 1.0833773612976074, "epoch": 1, "iteration": 1551}
{"train_loss": 1.0859349966049194, "epoch": 1, "iteration": 1561}
{"train_loss": 1.0847830772399902, "epoch": 1, "iteration": 1571}
{"train_loss": 1.0838500261306763, "epoch": 1, "iteration": 1581}
{"train_loss": 1.084822177886963, "epoch": 1, "iteration": 1591}
{"train_loss": 1.0882399082183838, "epoch": 1, "iteration": 1601}
{"train_loss": 1.0866481065750122, "epoch": 1, "iteration": 1611}
{"train_loss": 1.0878195762634277, "epoch": 1, "iteration": 1621}
{"train_loss": 1.0866332054138184, "epoch": 1, "iteration": 1631}
{"train_loss": 1.087748646736145, "epoch": 1, "iteration": 1641}
{"train_loss": 1.086938500404358, "epoch": 1, "iteration": 1651}
{"train_loss": 1.0909106731414795, "epoch": 1, "iteration": 1661}
{"train_loss": 1.0899271965026855, "epoch": 1, "iteration": 1671}
{"train_loss": 1.092179775238037, "epoch": 1, "iteration": 1681}
{"train_loss": 1.0914428234100342, "epoch": 1, "iteration": 1691}
{"train_loss": 1.0952926874160767, "epoch": 1, "iteration": 1701}
{"train_loss": 1.0933510065078735, "epoch": 1, "iteration": 1711}
{"train_loss": 1.092795729637146, "epoch": 1, "iteration": 1721}
{"train_loss": 1.0914913415908813, "epoch": 1, "iteration": 1731}
{"train_loss": 1.0913101434707642, "epoch": 1, "iteration": 1741}
{"train_loss": 1.0929381847381592, "epoch": 1, "iteration": 1751}
{"train_loss": 1.0933302640914917, "epoch": 1, "iteration": 1761}
{"train_loss": 1.0911357402801514, "epoch": 1, "iteration": 1771}
{"train_loss": 1.094016194343567, "epoch": 1, "iteration": 1781}
{"train_loss": 1.091367483139038, "epoch": 1, "iteration": 1791}
{"train_loss": 1.0954747200012207, "epoch": 1, "iteration": 1801}
{"train_loss": 1.096381664276123, "epoch": 1, "iteration": 1811}
{"train_loss": 1.0965057611465454, "epoch": 1, "iteration": 1821}
{"train_loss": 1.097740888595581, "epoch": 1, "iteration": 1831}
{"train_loss": 1.0961508750915527, "epoch": 1, "iteration": 1841}
Epoch 1/100, Val Loss: 3.0276
New best model saved at epoch 1 with loss 3.0276
Epoch 2/100
{"train_loss": 1.0960702896118164, "epoch": 2, "iteration": 1}
{"train_loss": 1.1003104448318481, "epoch": 2, "iteration": 11}
{"train_loss": 1.1016004085540771, "epoch": 2, "iteration": 21}
{"train_loss": 1.0974904298782349, "epoch": 2, "iteration": 31}
{"train_loss": 1.0978999137878418, "epoch": 2, "iteration": 41}
{"train_loss": 1.0963683128356934, "epoch": 2, "iteration": 51}
{"train_loss": 1.0983260869979858, "epoch": 2, "iteration": 61}
{"train_loss": 1.101264476776123, "epoch": 2, "iteration": 71}
{"train_loss": 1.0983445644378662, "epoch": 2, "iteration": 81}
{"train_loss": 1.099634051322937, "epoch": 2, "iteration": 91}
{"train_loss": 1.1024354696273804, "epoch": 2, "iteration": 101}
{"train_loss": 1.1006900072097778, "epoch": 2, "iteration": 111}
{"train_loss": 1.1022995710372925, "epoch": 2, "iteration": 121}
{"train_loss": 1.1020680665969849, "epoch": 2, "iteration": 131}
{"train_loss": 1.1042706966400146, "epoch": 2, "iteration": 141}
{"train_loss": 1.1016958951950073, "epoch": 2, "iteration": 151}
{"train_loss": 1.1040763854980469, "epoch": 2, "iteration": 161}
{"train_loss": 1.1017507314682007, "epoch": 2, "iteration": 171}
{"train_loss": 1.1018794775009155, "epoch": 2, "iteration": 181}
{"train_loss": 1.1016056537628174, "epoch": 2, "iteration": 191}
{"train_loss": 1.1038358211517334, "epoch": 2, "iteration": 201}
{"train_loss": 1.1082209348678589, "epoch": 2, "iteration": 211}
{"train_loss": 1.1075973510742188, "epoch": 2, "iteration": 221}
{"train_loss": 1.1051241159439087, "epoch": 2, "iteration": 231}
{"train_loss": 1.103069543838501, "epoch": 2, "iteration": 241}
{"train_loss": 1.1052201986312866, "epoch": 2, "iteration": 251}
{"train_loss": 1.1048463582992554, "epoch": 2, "iteration": 261}
{"train_loss": 1.1048649549484253, "epoch": 2, "iteration": 271}
{"train_loss": 1.104602336883545, "epoch": 2, "iteration": 281}
{"train_loss": 1.1037009954452515, "epoch": 2, "iteration": 291}
{"train_loss": 1.1082714796066284, "epoch": 2, "iteration": 301}
{"train_loss": 1.108170509338379, "epoch": 2, "iteration": 311}
{"train_loss": 1.104933500289917, "epoch": 2, "iteration": 321}
{"train_loss": 1.1074705123901367, "epoch": 2, "iteration": 331}
{"train_loss": 1.107108235359192, "epoch": 2, "iteration": 341}
{"train_loss": 1.1103439331054688, "epoch": 2, "iteration": 351}
{"train_loss": 1.1077038049697876, "epoch": 2, "iteration": 361}
{"train_loss": 1.1096258163452148, "epoch": 2, "iteration": 371}
{"train_loss": 1.1108464002609253, "epoch": 2, "iteration": 381}
{"train_loss": 1.1094053983688354, "epoch": 2, "iteration": 391}
{"train_loss": 1.1108263731002808, "epoch": 2, "iteration": 401}
{"train_loss": 1.1115994453430176, "epoch": 2, "iteration": 411}
{"train_loss": 1.1100516319274902, "epoch": 2, "iteration": 421}
{"train_loss": 1.1135658025741577, "epoch": 2, "iteration": 431}
{"train_loss": 1.1107821464538574, "epoch": 2, "iteration": 441}
{"train_loss": 1.1131746768951416, "epoch": 2, "iteration": 451}
{"train_loss": 1.1150672435760498, "epoch": 2, "iteration": 461}
{"train_loss": 1.1131755113601685, "epoch": 2, "iteration": 471}
{"train_loss": 1.1123636960983276, "epoch": 2, "iteration": 481}
{"train_loss": 1.116197109222412, "epoch": 2, "iteration": 491}
{"train_loss": 1.1122772693634033, "epoch": 2, "iteration": 501}
{"train_loss": 1.1156041622161865, "epoch": 2, "iteration": 511}
{"train_loss": 1.1129963397979736, "epoch": 2, "iteration": 521}
{"train_loss": 1.1135984659194946, "epoch": 2, "iteration": 531}
{"train_loss": 1.1164053678512573, "epoch": 2, "iteration": 541}
{"train_loss": 1.117658019065857, "epoch": 2, "iteration": 551}
{"train_loss": 1.1135908365249634, "epoch": 2, "iteration": 561}
{"train_loss": 1.1163151264190674, "epoch": 2, "iteration": 571}
{"train_loss": 1.11549973487854, "epoch": 2, "iteration": 581}
{"train_loss": 1.113663673400879, "epoch": 2, "iteration": 591}
{"train_loss": 1.1174086332321167, "epoch": 2, "iteration": 601}
{"train_loss": 1.1149225234985352, "epoch": 2, "iteration": 611}
{"train_loss": 1.1171692609786987, "epoch": 2, "iteration": 621}
{"train_loss": 1.1214977502822876, "epoch": 2, "iteration": 631}
{"train_loss": 1.1185226440429688, "epoch": 2, "iteration": 641}
{"train_loss": 1.1158276796340942, "epoch": 2, "iteration": 651}
{"train_loss": 1.1201163530349731, "epoch": 2, "iteration": 661}
{"train_loss": 1.1134015321731567, "epoch": 2, "iteration": 671}
{"train_loss": 1.1131350994110107, "epoch": 2, "iteration": 681}
{"train_loss": 1.1149725914001465, "epoch": 2, "iteration": 691}
{"train_loss": 1.1149994134902954, "epoch": 2, "iteration": 701}
{"train_loss": 1.1177581548690796, "epoch": 2, "iteration": 711}
{"train_loss": 1.1160527467727661, "epoch": 2, "iteration": 721}
{"train_loss": 1.1167733669281006, "epoch": 2, "iteration": 731}
{"train_loss": 1.1172000169754028, "epoch": 2, "iteration": 741}
{"train_loss": 1.1177756786346436, "epoch": 2, "iteration": 751}
{"train_loss": 1.1186506748199463, "epoch": 2, "iteration": 761}
{"train_loss": 1.11698317527771, "epoch": 2, "iteration": 771}
{"train_loss": 1.1171847581863403, "epoch": 2, "iteration": 781}
{"train_loss": 1.1185526847839355, "epoch": 2, "iteration": 791}
{"train_loss": 1.1174191236495972, "epoch": 2, "iteration": 801}
{"train_loss": 1.1168564558029175, "epoch": 2, "iteration": 811}
{"train_loss": 1.1174310445785522, "epoch": 2, "iteration": 821}
{"train_loss": 1.1187546253204346, "epoch": 2, "iteration": 831}
{"train_loss": 1.1198393106460571, "epoch": 2, "iteration": 841}
{"train_loss": 1.1187307834625244, "epoch": 2, "iteration": 851}
{"train_loss": 1.1191295385360718, "epoch": 2, "iteration": 861}
{"train_loss": 1.1191788911819458, "epoch": 2, "iteration": 871}
{"train_loss": 1.1159682273864746, "epoch": 2, "iteration": 881}
{"train_loss": 1.1185505390167236, "epoch": 2, "iteration": 891}
{"train_loss": 1.1187996864318848, "epoch": 2, "iteration": 901}
{"train_loss": 1.120350956916809, "epoch": 2, "iteration": 911}
{"train_loss": 1.1217632293701172, "epoch": 2, "iteration": 921}
{"train_loss": 1.1220052242279053, "epoch": 2, "iteration": 931}
{"train_loss": 1.117838978767395, "epoch": 2, "iteration": 941}
{"train_loss": 1.119523525238037, "epoch": 2, "iteration": 951}
{"train_loss": 1.1157143115997314, "epoch": 2, "iteration": 961}
{"train_loss": 1.1197028160095215, "epoch": 2, "iteration": 971}
{"train_loss": 1.1195580959320068, "epoch": 2, "iteration": 981}
{"train_loss": 1.1169511079788208, "epoch": 2, "iteration": 991}
{"train_loss": 1.1205087900161743, "epoch": 2, "iteration": 1001}
{"train_loss": 1.1207598447799683, "epoch": 2, "iteration": 1011}
{"train_loss": 1.1226661205291748, "epoch": 2, "iteration": 1021}
{"train_loss": 1.1238105297088623, "epoch": 2, "iteration": 1031}
{"train_loss": 1.1226115226745605, "epoch": 2, "iteration": 1041}
{"train_loss": 1.1237345933914185, "epoch": 2, "iteration": 1051}
{"train_loss": 1.124419927597046, "epoch": 2, "iteration": 1061}
{"train_loss": 1.1201527118682861, "epoch": 2, "iteration": 1071}
{"train_loss": 1.1233118772506714, "epoch": 2, "iteration": 1081}
{"train_loss": 1.1242361068725586, "epoch": 2, "iteration": 1091}
{"train_loss": 1.1221835613250732, "epoch": 2, "iteration": 1101}
{"train_loss": 1.124809980392456, "epoch": 2, "iteration": 1111}
{"train_loss": 1.1230968236923218, "epoch": 2, "iteration": 1121}
{"train_loss": 1.122578740119934, "epoch": 2, "iteration": 1131}
{"train_loss": 1.124722957611084, "epoch": 2, "iteration": 1141}
{"train_loss": 1.125321626663208, "epoch": 2, "iteration": 1151}
{"train_loss": 1.128178358078003, "epoch": 2, "iteration": 1161}
{"train_loss": 1.1262695789337158, "epoch": 2, "iteration": 1171}
{"train_loss": 1.1255813837051392, "epoch": 2, "iteration": 1181}
{"train_loss": 1.1258840560913086, "epoch": 2, "iteration": 1191}
{"train_loss": 1.1292527914047241, "epoch": 2, "iteration": 1201}
{"train_loss": 1.129478096961975, "epoch": 2, "iteration": 1211}
{"train_loss": 1.1270899772644043, "epoch": 2, "iteration": 1221}
{"train_loss": 1.1283293962478638, "epoch": 2, "iteration": 1231}
{"train_loss": 1.1275557279586792, "epoch": 2, "iteration": 1241}
{"train_loss": 1.1267400979995728, "epoch": 2, "iteration": 1251}
{"train_loss": 1.1254665851593018, "epoch": 2, "iteration": 1261}
{"train_loss": 1.1270856857299805, "epoch": 2, "iteration": 1271}
{"train_loss": 1.1275070905685425, "epoch": 2, "iteration": 1281}
{"train_loss": 1.127716302871704, "epoch": 2, "iteration": 1291}
{"train_loss": 1.127363920211792, "epoch": 2, "iteration": 1301}
{"train_loss": 1.1261003017425537, "epoch": 2, "iteration": 1311}
{"train_loss": 1.1280943155288696, "epoch": 2, "iteration": 1321}
{"train_loss": 1.1291577816009521, "epoch": 2, "iteration": 1331}
{"train_loss": 1.1303421258926392, "epoch": 2, "iteration": 1341}
{"train_loss": 1.1302181482315063, "epoch": 2, "iteration": 1351}
{"train_loss": 1.128334879875183, "epoch": 2, "iteration": 1361}
{"train_loss": 1.1276705265045166, "epoch": 2, "iteration": 1371}
{"train_loss": 1.1264426708221436, "epoch": 2, "iteration": 1381}
{"train_loss": 1.127742052078247, "epoch": 2, "iteration": 1391}
{"train_loss": 1.1309159994125366, "epoch": 2, "iteration": 1401}
{"train_loss": 1.1293232440948486, "epoch": 2, "iteration": 1411}
{"train_loss": 1.127903938293457, "epoch": 2, "iteration": 1421}
{"train_loss": 1.1302329301834106, "epoch": 2, "iteration": 1431}
{"train_loss": 1.1295711994171143, "epoch": 2, "iteration": 1441}
{"train_loss": 1.1318669319152832, "epoch": 2, "iteration": 1451}
{"train_loss": 1.1302752494812012, "epoch": 2, "iteration": 1461}
{"train_loss": 1.131462574005127, "epoch": 2, "iteration": 1471}
{"train_loss": 1.1324511766433716, "epoch": 2, "iteration": 1481}
{"train_loss": 1.12776517868042, "epoch": 2, "iteration": 1491}
{"train_loss": 1.1303925514221191, "epoch": 2, "iteration": 1501}
{"train_loss": 1.1338133811950684, "epoch": 2, "iteration": 1511}
{"train_loss": 1.129197597503662, "epoch": 2, "iteration": 1521}
{"train_loss": 1.128614068031311, "epoch": 2, "iteration": 1531}
{"train_loss": 1.13013756275177, "epoch": 2, "iteration": 1541}
{"train_loss": 1.130919098854065, "epoch": 2, "iteration": 1551}
{"train_loss": 1.131959319114685, "epoch": 2, "iteration": 1561}
{"train_loss": 1.131360650062561, "epoch": 2, "iteration": 1571}
{"train_loss": 1.1326887607574463, "epoch": 2, "iteration": 1581}
{"train_loss": 1.1324694156646729, "epoch": 2, "iteration": 1591}
{"train_loss": 1.1334617137908936, "epoch": 2, "iteration": 1601}
{"train_loss": 1.1336098909378052, "epoch": 2, "iteration": 1611}
{"train_loss": 1.1342861652374268, "epoch": 2, "iteration": 1621}
{"train_loss": 1.1326326131820679, "epoch": 2, "iteration": 1631}
{"train_loss": 1.133508324623108, "epoch": 2, "iteration": 1641}
{"train_loss": 1.1336658000946045, "epoch": 2, "iteration": 1651}
{"train_loss": 1.1364036798477173, "epoch": 2, "iteration": 1661}
{"train_loss": 1.1347342729568481, "epoch": 2, "iteration": 1671}
{"train_loss": 1.1358118057250977, "epoch": 2, "iteration": 1681}
{"train_loss": 1.1336498260498047, "epoch": 2, "iteration": 1691}
{"train_loss": 1.1355011463165283, "epoch": 2, "iteration": 1701}
{"train_loss": 1.1354858875274658, "epoch": 2, "iteration": 1711}
{"train_loss": 1.1349869966506958, "epoch": 2, "iteration": 1721}
{"train_loss": 1.1345875263214111, "epoch": 2, "iteration": 1731}
{"train_loss": 1.135870099067688, "epoch": 2, "iteration": 1741}
{"train_loss": 1.1361372470855713, "epoch": 2, "iteration": 1751}
{"train_loss": 1.1388264894485474, "epoch": 2, "iteration": 1761}
{"train_loss": 1.1338781118392944, "epoch": 2, "iteration": 1771}
{"train_loss": 1.1367324590682983, "epoch": 2, "iteration": 1781}
{"train_loss": 1.1324049234390259, "epoch": 2, "iteration": 1791}
{"train_loss": 1.136782169342041, "epoch": 2, "iteration": 1801}
{"train_loss": 1.1364083290100098, "epoch": 2, "iteration": 1811}
{"train_loss": 1.1381254196166992, "epoch": 2, "iteration": 1821}
{"train_loss": 1.138576626777649, "epoch": 2, "iteration": 1831}
{"train_loss": 1.1364250183105469, "epoch": 2, "iteration": 1841}
Epoch 2/100, Val Loss: 3.0246
New best model saved at epoch 2 with loss 3.0246
Epoch 3/100
{"train_loss": 1.1370353698730469, "epoch": 3, "iteration": 1}
{"train_loss": 1.142055869102478, "epoch": 3, "iteration": 11}
{"train_loss": 1.1389533281326294, "epoch": 3, "iteration": 21}
{"train_loss": 1.1378240585327148, "epoch": 3, "iteration": 31}
{"train_loss": 1.138799786567688, "epoch": 3, "iteration": 41}
{"train_loss": 1.1380157470703125, "epoch": 3, "iteration": 51}
{"train_loss": 1.1399462223052979, "epoch": 3, "iteration": 61}
{"train_loss": 1.1398297548294067, "epoch": 3, "iteration": 71}
{"train_loss": 1.1392723321914673, "epoch": 3, "iteration": 81}
{"train_loss": 1.1397535800933838, "epoch": 3, "iteration": 91}
{"train_loss": 1.1409056186676025, "epoch": 3, "iteration": 101}
{"train_loss": 1.1399592161178589, "epoch": 3, "iteration": 111}
{"train_loss": 1.142126441001892, "epoch": 3, "iteration": 121}
{"train_loss": 1.1438839435577393, "epoch": 3, "iteration": 131}
{"train_loss": 1.143794298171997, "epoch": 3, "iteration": 141}
{"train_loss": 1.141305685043335, "epoch": 3, "iteration": 151}
{"train_loss": 1.1412596702575684, "epoch": 3, "iteration": 161}
{"train_loss": 1.1426692008972168, "epoch": 3, "iteration": 171}
{"train_loss": 1.1418825387954712, "epoch": 3, "iteration": 181}
{"train_loss": 1.140760898590088, "epoch": 3, "iteration": 191}
{"train_loss": 1.1406131982803345, "epoch": 3, "iteration": 201}
{"train_loss": 1.142947793006897, "epoch": 3, "iteration": 211}
{"train_loss": 1.143275260925293, "epoch": 3, "iteration": 221}
{"train_loss": 1.1412543058395386, "epoch": 3, "iteration": 231}
{"train_loss": 1.1412595510482788, "epoch": 3, "iteration": 241}
{"train_loss": 1.1429526805877686, "epoch": 3, "iteration": 251}
{"train_loss": 1.1434910297393799, "epoch": 3, "iteration": 261}
{"train_loss": 1.1412256956100464, "epoch": 3, "iteration": 271}
{"train_loss": 1.1422208547592163, "epoch": 3, "iteration": 281}
{"train_loss": 1.140694499015808, "epoch": 3, "iteration": 291}
{"train_loss": 1.1428794860839844, "epoch": 3, "iteration": 301}
{"train_loss": 1.144153356552124, "epoch": 3, "iteration": 311}
{"train_loss": 1.1411817073822021, "epoch": 3, "iteration": 321}
{"train_loss": 1.141868233680725, "epoch": 3, "iteration": 331}
{"train_loss": 1.1428792476654053, "epoch": 3, "iteration": 341}
{"train_loss": 1.144097924232483, "epoch": 3, "iteration": 351}
{"train_loss": 1.143469214439392, "epoch": 3, "iteration": 361}
{"train_loss": 1.143692970275879, "epoch": 3, "iteration": 371}
{"train_loss": 1.1433334350585938, "epoch": 3, "iteration": 381}
{"train_loss": 1.1436916589736938, "epoch": 3, "iteration": 391}
{"train_loss": 1.1446075439453125, "epoch": 3, "iteration": 401}
{"train_loss": 1.144520878791809, "epoch": 3, "iteration": 411}
{"train_loss": 1.143694281578064, "epoch": 3, "iteration": 421}
{"train_loss": 1.1437608003616333, "epoch": 3, "iteration": 431}
{"train_loss": 1.14524507522583, "epoch": 3, "iteration": 441}
{"train_loss": 1.1449098587036133, "epoch": 3, "iteration": 451}
{"train_loss": 1.1449840068817139, "epoch": 3, "iteration": 461}
{"train_loss": 1.1439565420150757, "epoch": 3, "iteration": 471}
{"train_loss": 1.146019697189331, "epoch": 3, "iteration": 481}
{"train_loss": 1.1463994979858398, "epoch": 3, "iteration": 491}
{"train_loss": 1.1451890468597412, "epoch": 3, "iteration": 501}
{"train_loss": 1.1462421417236328, "epoch": 3, "iteration": 511}
{"train_loss": 1.1450815200805664, "epoch": 3, "iteration": 521}
{"train_loss": 1.145075798034668, "epoch": 3, "iteration": 531}
{"train_loss": 1.145578145980835, "epoch": 3, "iteration": 541}
{"train_loss": 1.1475411653518677, "epoch": 3, "iteration": 551}
{"train_loss": 1.145912528038025, "epoch": 3, "iteration": 561}
{"train_loss": 1.148408055305481, "epoch": 3, "iteration": 571}
{"train_loss": 1.147829532623291, "epoch": 3, "iteration": 581}
{"train_loss": 1.1472564935684204, "epoch": 3, "iteration": 591}
{"train_loss": 1.1475412845611572, "epoch": 3, "iteration": 601}
{"train_loss": 1.1465089321136475, "epoch": 3, "iteration": 611}
{"train_loss": 1.1497461795806885, "epoch": 3, "iteration": 621}
{"train_loss": 1.1513580083847046, "epoch": 3, "iteration": 631}
{"train_loss": 1.150408148765564, "epoch": 3, "iteration": 641}
{"train_loss": 1.1501212120056152, "epoch": 3, "iteration": 651}
{"train_loss": 1.1512614488601685, "epoch": 3, "iteration": 661}
{"train_loss": 1.1483772993087769, "epoch": 3, "iteration": 671}
{"train_loss": 1.149130940437317, "epoch": 3, "iteration": 681}
{"train_loss": 1.1515079736709595, "epoch": 3, "iteration": 691}
{"train_loss": 1.1486148834228516, "epoch": 3, "iteration": 701}
{"train_loss": 1.1509844064712524, "epoch": 3, "iteration": 711}
{"train_loss": 1.1473137140274048, "epoch": 3, "iteration": 721}
{"train_loss": 1.1486469507217407, "epoch": 3, "iteration": 731}
{"train_loss": 1.1495550870895386, "epoch": 3, "iteration": 741}
{"train_loss": 1.1483689546585083, "epoch": 3, "iteration": 751}
{"train_loss": 1.1494934558868408, "epoch": 3, "iteration": 761}
{"train_loss": 1.1488888263702393, "epoch": 3, "iteration": 771}
{"train_loss": 1.150327444076538, "epoch": 3, "iteration": 781}
{"train_loss": 1.1505799293518066, "epoch": 3, "iteration": 791}
{"train_loss": 1.1512062549591064, "epoch": 3, "iteration": 801}
{"train_loss": 1.15102219581604, "epoch": 3, "iteration": 811}
{"train_loss": 1.1516773700714111, "epoch": 3, "iteration": 821}
{"train_loss": 1.1543890237808228, "epoch": 3, "iteration": 831}
{"train_loss": 1.1524693965911865, "epoch": 3, "iteration": 841}
{"train_loss": 1.1524790525436401, "epoch": 3, "iteration": 851}
{"train_loss": 1.1529203653335571, "epoch": 3, "iteration": 861}
{"train_loss": 1.153411626815796, "epoch": 3, "iteration": 871}
{"train_loss": 1.1512176990509033, "epoch": 3, "iteration": 881}
{"train_loss": 1.1529731750488281, "epoch": 3, "iteration": 891}
{"train_loss": 1.1524769067764282, "epoch": 3, "iteration": 901}
{"train_loss": 1.1535747051239014, "epoch": 3, "iteration": 911}
{"train_loss": 1.1545072793960571, "epoch": 3, "iteration": 921}
{"train_loss": 1.1546295881271362, "epoch": 3, "iteration": 931}
{"train_loss": 1.1518502235412598, "epoch": 3, "iteration": 941}
{"train_loss": 1.1529860496520996, "epoch": 3, "iteration": 951}
{"train_loss": 1.1505188941955566, "epoch": 3, "iteration": 961}
{"train_loss": 1.155287742614746, "epoch": 3, "iteration": 971}
{"train_loss": 1.151672124862671, "epoch": 3, "iteration": 981}
{"train_loss": 1.149806261062622, "epoch": 3, "iteration": 991}
{"train_loss": 1.151647686958313, "epoch": 3, "iteration": 1001}
{"train_loss": 1.1501621007919312, "epoch": 3, "iteration": 1011}
{"train_loss": 1.151587724685669, "epoch": 3, "iteration": 1021}
{"train_loss": 1.1537868976593018, "epoch": 3, "iteration": 1031}
{"train_loss": 1.1492536067962646, "epoch": 3, "iteration": 1041}
{"train_loss": 1.1491605043411255, "epoch": 3, "iteration": 1051}
{"train_loss": 1.1491516828536987, "epoch": 3, "iteration": 1061}
{"train_loss": 1.1467204093933105, "epoch": 3, "iteration": 1071}
{"train_loss": 1.1482070684432983, "epoch": 3, "iteration": 1081}
{"train_loss": 1.1510952711105347, "epoch": 3, "iteration": 1091}
{"train_loss": 1.1484954357147217, "epoch": 3, "iteration": 1101}
{"train_loss": 1.1520999670028687, "epoch": 3, "iteration": 1111}
{"train_loss": 1.1490538120269775, "epoch": 3, "iteration": 1121}
{"train_loss": 1.14808988571167, "epoch": 3, "iteration": 1131}
{"train_loss": 1.1518081426620483, "epoch": 3, "iteration": 1141}
{"train_loss": 1.1504781246185303, "epoch": 3, "iteration": 1151}
{"train_loss": 1.1519428491592407, "epoch": 3, "iteration": 1161}
{"train_loss": 1.1510058641433716, "epoch": 3, "iteration": 1171}
{"train_loss": 1.14928138256073, "epoch": 3, "iteration": 1181}
{"train_loss": 1.1481778621673584, "epoch": 3, "iteration": 1191}
{"train_loss": 1.1510151624679565, "epoch": 3, "iteration": 1201}
{"train_loss": 1.1525816917419434, "epoch": 3, "iteration": 1211}
{"train_loss": 1.149226427078247, "epoch": 3, "iteration": 1221}
{"train_loss": 1.1508952379226685, "epoch": 3, "iteration": 1231}
{"train_loss": 1.1512508392333984, "epoch": 3, "iteration": 1241}
{"train_loss": 1.1484276056289673, "epoch": 3, "iteration": 1251}
{"train_loss": 1.1497658491134644, "epoch": 3, "iteration": 1261}
{"train_loss": 1.150965690612793, "epoch": 3, "iteration": 1271}
{"train_loss": 1.1533949375152588, "epoch": 3, "iteration": 1281}
{"train_loss": 1.1522247791290283, "epoch": 3, "iteration": 1291}
{"train_loss": 1.1529830694198608, "epoch": 3, "iteration": 1301}
{"train_loss": 1.1511205434799194, "epoch": 3, "iteration": 1311}
{"train_loss": 1.1534969806671143, "epoch": 3, "iteration": 1321}
{"train_loss": 1.1526260375976562, "epoch": 3, "iteration": 1331}
{"train_loss": 1.1544480323791504, "epoch": 3, "iteration": 1341}
{"train_loss": 1.1545556783676147, "epoch": 3, "iteration": 1351}
{"train_loss": 1.1544288396835327, "epoch": 3, "iteration": 1361}
{"train_loss": 1.152814269065857, "epoch": 3, "iteration": 1371}
{"train_loss": 1.1529868841171265, "epoch": 3, "iteration": 1381}
{"train_loss": 1.152814507484436, "epoch": 3, "iteration": 1391}
{"train_loss": 1.1532784700393677, "epoch": 3, "iteration": 1401}
{"train_loss": 1.1541383266448975, "epoch": 3, "iteration": 1411}
{"train_loss": 1.1528857946395874, "epoch": 3, "iteration": 1421}
{"train_loss": 1.1535183191299438, "epoch": 3, "iteration": 1431}
{"train_loss": 1.1510825157165527, "epoch": 3, "iteration": 1441}
{"train_loss": 1.1541154384613037, "epoch": 3, "iteration": 1451}
{"train_loss": 1.1534359455108643, "epoch": 3, "iteration": 1461}
{"train_loss": 1.1537662744522095, "epoch": 3, "iteration": 1471}
{"train_loss": 1.1544092893600464, "epoch": 3, "iteration": 1481}
{"train_loss": 1.1520026922225952, "epoch": 3, "iteration": 1491}
{"train_loss": 1.1546903848648071, "epoch": 3, "iteration": 1501}
{"train_loss": 1.1547768115997314, "epoch": 3, "iteration": 1511}
{"train_loss": 1.1532775163650513, "epoch": 3, "iteration": 1521}
{"train_loss": 1.1538426876068115, "epoch": 3, "iteration": 1531}
{"train_loss": 1.154963493347168, "epoch": 3, "iteration": 1541}
{"train_loss": 1.1541560888290405, "epoch": 3, "iteration": 1551}
{"train_loss": 1.155702829360962, "epoch": 3, "iteration": 1561}
{"train_loss": 1.155207633972168, "epoch": 3, "iteration": 1571}
{"train_loss": 1.1581344604492188, "epoch": 3, "iteration": 1581}
{"train_loss": 1.156801462173462, "epoch": 3, "iteration": 1591}
{"train_loss": 1.1558949947357178, "epoch": 3, "iteration": 1601}
{"train_loss": 1.1564825773239136, "epoch": 3, "iteration": 1611}
{"train_loss": 1.156641960144043, "epoch": 3, "iteration": 1621}
{"train_loss": 1.1540477275848389, "epoch": 3, "iteration": 1631}
{"train_loss": 1.1553541421890259, "epoch": 3, "iteration": 1641}
{"train_loss": 1.1550835371017456, "epoch": 3, "iteration": 1651}
{"train_loss": 1.1548852920532227, "epoch": 3, "iteration": 1661}
{"train_loss": 1.156768560409546, "epoch": 3, "iteration": 1671}
{"train_loss": 1.1565778255462646, "epoch": 3, "iteration": 1681}
{"train_loss": 1.154613971710205, "epoch": 3, "iteration": 1691}
{"train_loss": 1.157920002937317, "epoch": 3, "iteration": 1701}
{"train_loss": 1.1562719345092773, "epoch": 3, "iteration": 1711}
{"train_loss": 1.1559720039367676, "epoch": 3, "iteration": 1721}
{"train_loss": 1.155256986618042, "epoch": 3, "iteration": 1731}
{"train_loss": 1.15595543384552, "epoch": 3, "iteration": 1741}
{"train_loss": 1.1563518047332764, "epoch": 3, "iteration": 1751}
{"train_loss": 1.1573195457458496, "epoch": 3, "iteration": 1761}
{"train_loss": 1.1564908027648926, "epoch": 3, "iteration": 1771}
{"train_loss": 1.1567243337631226, "epoch": 3, "iteration": 1781}
{"train_loss": 1.1539899110794067, "epoch": 3, "iteration": 1791}
{"train_loss": 1.1559219360351562, "epoch": 3, "iteration": 1801}
{"train_loss": 1.1563632488250732, "epoch": 3, "iteration": 1811}
{"train_loss": 1.1572109460830688, "epoch": 3, "iteration": 1821}
{"train_loss": 1.1579134464263916, "epoch": 3, "iteration": 1831}
{"train_loss": 1.1567124128341675, "epoch": 3, "iteration": 1841}
Epoch 3/100, Val Loss: 3.0273
Epoch 4/100
{"train_loss": 1.1548075675964355, "epoch": 4, "iteration": 1}
{"train_loss": 1.154287576675415, "epoch": 4, "iteration": 11}
{"train_loss": 1.155226469039917, "epoch": 4, "iteration": 21}
{"train_loss": 1.1540319919586182, "epoch": 4, "iteration": 31}
{"train_loss": 1.1541482210159302, "epoch": 4, "iteration": 41}
{"train_loss": 1.1523290872573853, "epoch": 4, "iteration": 51}
{"train_loss": 1.1529479026794434, "epoch": 4, "iteration": 61}
{"train_loss": 1.152639627456665, "epoch": 4, "iteration": 71}
{"train_loss": 1.1506297588348389, "epoch": 4, "iteration": 81}
{"train_loss": 1.1502981185913086, "epoch": 4, "iteration": 91}
{"train_loss": 1.1515231132507324, "epoch": 4, "iteration": 101}
{"train_loss": 1.1483616828918457, "epoch": 4, "iteration": 111}
{"train_loss": 1.1511163711547852, "epoch": 4, "iteration": 121}
{"train_loss": 1.1507986783981323, "epoch": 4, "iteration": 131}
{"train_loss": 1.1481858491897583, "epoch": 4, "iteration": 141}
{"train_loss": 1.1464874744415283, "epoch": 4, "iteration": 151}
{"train_loss": 1.1471354961395264, "epoch": 4, "iteration": 161}
{"train_loss": 1.1478086709976196, "epoch": 4, "iteration": 171}
{"train_loss": 1.1473560333251953, "epoch": 4, "iteration": 181}
{"train_loss": 1.1491543054580688, "epoch": 4, "iteration": 191}
{"train_loss": 1.1498332023620605, "epoch": 4, "iteration": 201}
{"train_loss": 1.149427890777588, "epoch": 4, "iteration": 211}
{"train_loss": 1.150810718536377, "epoch": 4, "iteration": 221}
{"train_loss": 1.1488233804702759, "epoch": 4, "iteration": 231}
{"train_loss": 1.1491074562072754, "epoch": 4, "iteration": 241}
{"train_loss": 1.150447964668274, "epoch": 4, "iteration": 251}
{"train_loss": 1.151219367980957, "epoch": 4, "iteration": 261}
{"train_loss": 1.1485443115234375, "epoch": 4, "iteration": 271}
{"train_loss": 1.148928165435791, "epoch": 4, "iteration": 281}
{"train_loss": 1.1476374864578247, "epoch": 4, "iteration": 291}
{"train_loss": 1.1494319438934326, "epoch": 4, "iteration": 301}
{"train_loss": 1.1516501903533936, "epoch": 4, "iteration": 311}
{"train_loss": 1.149377703666687, "epoch": 4, "iteration": 321}
{"train_loss": 1.1506589651107788, "epoch": 4, "iteration": 331}
{"train_loss": 1.149899959564209, "epoch": 4, "iteration": 341}
{"train_loss": 1.1500493288040161, "epoch": 4, "iteration": 351}
{"train_loss": 1.149388313293457, "epoch": 4, "iteration": 361}
{"train_loss": 1.1498230695724487, "epoch": 4, "iteration": 371}
{"train_loss": 1.1499172449111938, "epoch": 4, "iteration": 381}
{"train_loss": 1.1487278938293457, "epoch": 4, "iteration": 391}
{"train_loss": 1.148539662361145, "epoch": 4, "iteration": 401}
{"train_loss": 1.150081992149353, "epoch": 4, "iteration": 411}
{"train_loss": 1.147684097290039, "epoch": 4, "iteration": 421}
{"train_loss": 1.1498095989227295, "epoch": 4, "iteration": 431}
{"train_loss": 1.1484795808792114, "epoch": 4, "iteration": 441}
{"train_loss": 1.1483728885650635, "epoch": 4, "iteration": 451}
{"train_loss": 1.1494882106781006, "epoch": 4, "iteration": 461}
{"train_loss": 1.1489685773849487, "epoch": 4, "iteration": 471}
{"train_loss": 1.1503593921661377, "epoch": 4, "iteration": 481}
{"train_loss": 1.1518306732177734, "epoch": 4, "iteration": 491}
{"train_loss": 1.1492537260055542, "epoch": 4, "iteration": 501}
{"train_loss": 1.1485811471939087, "epoch": 4, "iteration": 511}
{"train_loss": 1.1481823921203613, "epoch": 4, "iteration": 521}
{"train_loss": 1.1489282846450806, "epoch": 4, "iteration": 531}
{"train_loss": 1.1497880220413208, "epoch": 4, "iteration": 541}
{"train_loss": 1.1500853300094604, "epoch": 4, "iteration": 551}
{"train_loss": 1.1493816375732422, "epoch": 4, "iteration": 561}
{"train_loss": 1.1513830423355103, "epoch": 4, "iteration": 571}
{"train_loss": 1.1511176824569702, "epoch": 4, "iteration": 581}
{"train_loss": 1.1506370306015015, "epoch": 4, "iteration": 591}
{"train_loss": 1.15233314037323, "epoch": 4, "iteration": 601}
{"train_loss": 1.1505100727081299, "epoch": 4, "iteration": 611}
{"train_loss": 1.1515182256698608, "epoch": 4, "iteration": 621}
{"train_loss": 1.1547355651855469, "epoch": 4, "iteration": 631}
{"train_loss": 1.152503490447998, "epoch": 4, "iteration": 641}
{"train_loss": 1.151206135749817, "epoch": 4, "iteration": 651}
{"train_loss": 1.1530601978302002, "epoch": 4, "iteration": 661}
{"train_loss": 1.1512680053710938, "epoch": 4, "iteration": 671}
{"train_loss": 1.1510581970214844, "epoch": 4, "iteration": 681}
{"train_loss": 1.1512280702590942, "epoch": 4, "iteration": 691}
{"train_loss": 1.150663137435913, "epoch": 4, "iteration": 701}
{"train_loss": 1.151598334312439, "epoch": 4, "iteration": 711}
{"train_loss": 1.1498315334320068, "epoch": 4, "iteration": 721}
{"train_loss": 1.1505284309387207, "epoch": 4, "iteration": 731}
{"train_loss": 1.148879885673523, "epoch": 4, "iteration": 741}
{"train_loss": 1.1479297876358032, "epoch": 4, "iteration": 751}
{"train_loss": 1.149841070175171, "epoch": 4, "iteration": 761}
{"train_loss": 1.1471514701843262, "epoch": 4, "iteration": 771}
{"train_loss": 1.1488466262817383, "epoch": 4, "iteration": 781}
{"train_loss": 1.1498029232025146, "epoch": 4, "iteration": 791}
{"train_loss": 1.148557424545288, "epoch": 4, "iteration": 801}
{"train_loss": 1.1465691328048706, "epoch": 4, "iteration": 811}
{"train_loss": 1.1496286392211914, "epoch": 4, "iteration": 821}
{"train_loss": 1.1510478258132935, "epoch": 4, "iteration": 831}
{"train_loss": 1.1473376750946045, "epoch": 4, "iteration": 841}
{"train_loss": 1.148769736289978, "epoch": 4, "iteration": 851}
{"train_loss": 1.149537444114685, "epoch": 4, "iteration": 861}
{"train_loss": 1.148492455482483, "epoch": 4, "iteration": 871}
{"train_loss": 1.1457679271697998, "epoch": 4, "iteration": 881}
{"train_loss": 1.1481136083602905, "epoch": 4, "iteration": 891}
{"train_loss": 1.1469446420669556, "epoch": 4, "iteration": 901}
{"train_loss": 1.1476597785949707, "epoch": 4, "iteration": 911}
{"train_loss": 1.149812936782837, "epoch": 4, "iteration": 921}
{"train_loss": 1.1495341062545776, "epoch": 4, "iteration": 931}
{"train_loss": 1.1477205753326416, "epoch": 4, "iteration": 941}
{"train_loss": 1.1459152698516846, "epoch": 4, "iteration": 951}
{"train_loss": 1.1434930562973022, "epoch": 4, "iteration": 961}
{"train_loss": 1.146874189376831, "epoch": 4, "iteration": 971}
{"train_loss": 1.1451038122177124, "epoch": 4, "iteration": 981}
{"train_loss": 1.14292311668396, "epoch": 4, "iteration": 991}
{"train_loss": 1.1438482999801636, "epoch": 4, "iteration": 1001}
{"train_loss": 1.1433825492858887, "epoch": 4, "iteration": 1011}
{"train_loss": 1.1447622776031494, "epoch": 4, "iteration": 1021}
{"train_loss": 1.1447076797485352, "epoch": 4, "iteration": 1031}
{"train_loss": 1.1434673070907593, "epoch": 4, "iteration": 1041}
{"train_loss": 1.1444129943847656, "epoch": 4, "iteration": 1051}
{"train_loss": 1.1429935693740845, "epoch": 4, "iteration": 1061}
{"train_loss": 1.1406383514404297, "epoch": 4, "iteration": 1071}
{"train_loss": 1.143271565437317, "epoch": 4, "iteration": 1081}
{"train_loss": 1.1443811655044556, "epoch": 4, "iteration": 1091}
{"train_loss": 1.1438297033309937, "epoch": 4, "iteration": 1101}
{"train_loss": 1.145262360572815, "epoch": 4, "iteration": 1111}
{"train_loss": 1.1430871486663818, "epoch": 4, "iteration": 1121}
{"train_loss": 1.1418578624725342, "epoch": 4, "iteration": 1131}
{"train_loss": 1.1441164016723633, "epoch": 4, "iteration": 1141}
{"train_loss": 1.143833875656128, "epoch": 4, "iteration": 1151}
{"train_loss": 1.1459581851959229, "epoch": 4, "iteration": 1161}
{"train_loss": 1.14604651927948, "epoch": 4, "iteration": 1171}
{"train_loss": 1.1437759399414062, "epoch": 4, "iteration": 1181}
{"train_loss": 1.1440399885177612, "epoch": 4, "iteration": 1191}
{"train_loss": 1.1464605331420898, "epoch": 4, "iteration": 1201}
{"train_loss": 1.1472814083099365, "epoch": 4, "iteration": 1211}
{"train_loss": 1.1452281475067139, "epoch": 4, "iteration": 1221}
{"train_loss": 1.146523356437683, "epoch": 4, "iteration": 1231}
{"train_loss": 1.1455830335617065, "epoch": 4, "iteration": 1241}
{"train_loss": 1.1444114446640015, "epoch": 4, "iteration": 1251}
{"train_loss": 1.1445856094360352, "epoch": 4, "iteration": 1261}
{"train_loss": 1.1462363004684448, "epoch": 4, "iteration": 1271}
{"train_loss": 1.1473067998886108, "epoch": 4, "iteration": 1281}
{"train_loss": 1.1471203565597534, "epoch": 4, "iteration": 1291}
{"train_loss": 1.1480374336242676, "epoch": 4, "iteration": 1301}
{"train_loss": 1.1469404697418213, "epoch": 4, "iteration": 1311}
{"train_loss": 1.1509418487548828, "epoch": 4, "iteration": 1321}
{"train_loss": 1.1505008935928345, "epoch": 4, "iteration": 1331}
{"train_loss": 1.1517882347106934, "epoch": 4, "iteration": 1341}
{"train_loss": 1.151023030281067, "epoch": 4, "iteration": 1351}
{"train_loss": 1.149766445159912, "epoch": 4, "iteration": 1361}
{"train_loss": 1.1509984731674194, "epoch": 4, "iteration": 1371}
{"train_loss": 1.1495660543441772, "epoch": 4, "iteration": 1381}
{"train_loss": 1.1492204666137695, "epoch": 4, "iteration": 1391}
{"train_loss": 1.150931477546692, "epoch": 4, "iteration": 1401}
{"train_loss": 1.1490259170532227, "epoch": 4, "iteration": 1411}
{"train_loss": 1.145876407623291, "epoch": 4, "iteration": 1421}
{"train_loss": 1.1497631072998047, "epoch": 4, "iteration": 1431}
{"train_loss": 1.148277759552002, "epoch": 4, "iteration": 1441}
{"train_loss": 1.1473907232284546, "epoch": 4, "iteration": 1451}
{"train_loss": 1.1488913297653198, "epoch": 4, "iteration": 1461}
{"train_loss": 1.148826241493225, "epoch": 4, "iteration": 1471}
{"train_loss": 1.1479296684265137, "epoch": 4, "iteration": 1481}
{"train_loss": 1.1449108123779297, "epoch": 4, "iteration": 1491}
{"train_loss": 1.1453523635864258, "epoch": 4, "iteration": 1501}
{"train_loss": 1.1499073505401611, "epoch": 4, "iteration": 1511}
{"train_loss": 1.1449027061462402, "epoch": 4, "iteration": 1521}
{"train_loss": 1.1459155082702637, "epoch": 4, "iteration": 1531}
{"train_loss": 1.1475050449371338, "epoch": 4, "iteration": 1541}
{"train_loss": 1.1467044353485107, "epoch": 4, "iteration": 1551}
{"train_loss": 1.1479034423828125, "epoch": 4, "iteration": 1561}
{"train_loss": 1.1482644081115723, "epoch": 4, "iteration": 1571}
{"train_loss": 1.1493804454803467, "epoch": 4, "iteration": 1581}
{"train_loss": 1.1509642601013184, "epoch": 4, "iteration": 1591}
{"train_loss": 1.1509318351745605, "epoch": 4, "iteration": 1601}
{"train_loss": 1.1533211469650269, "epoch": 4, "iteration": 1611}
{"train_loss": 1.1526029109954834, "epoch": 4, "iteration": 1621}
{"train_loss": 1.1502089500427246, "epoch": 4, "iteration": 1631}
{"train_loss": 1.1506937742233276, "epoch": 4, "iteration": 1641}
{"train_loss": 1.1491858959197998, "epoch": 4, "iteration": 1651}
{"train_loss": 1.1507337093353271, "epoch": 4, "iteration": 1661}
{"train_loss": 1.150415301322937, "epoch": 4, "iteration": 1671}
{"train_loss": 1.1507277488708496, "epoch": 4, "iteration": 1681}
{"train_loss": 1.1482017040252686, "epoch": 4, "iteration": 1691}
{"train_loss": 1.1535056829452515, "epoch": 4, "iteration": 1701}
{"train_loss": 1.1502805948257446, "epoch": 4, "iteration": 1711}
{"train_loss": 1.1510930061340332, "epoch": 4, "iteration": 1721}
{"train_loss": 1.1495287418365479, "epoch": 4, "iteration": 1731}
{"train_loss": 1.1503206491470337, "epoch": 4, "iteration": 1741}
{"train_loss": 1.151793122291565, "epoch": 4, "iteration": 1751}
{"train_loss": 1.152798056602478, "epoch": 4, "iteration": 1761}
{"train_loss": 1.1500794887542725, "epoch": 4, "iteration": 1771}
{"train_loss": 1.1531587839126587, "epoch": 4, "iteration": 1781}
{"train_loss": 1.1513359546661377, "epoch": 4, "iteration": 1791}
{"train_loss": 1.1559407711029053, "epoch": 4, "iteration": 1801}
{"train_loss": 1.154176950454712, "epoch": 4, "iteration": 1811}
{"train_loss": 1.1548024415969849, "epoch": 4, "iteration": 1821}
{"train_loss": 1.1549807786941528, "epoch": 4, "iteration": 1831}
{"train_loss": 1.1530284881591797, "epoch": 4, "iteration": 1841}
Epoch 4/100, Val Loss: 3.0274
Epoch 5/100
{"train_loss": 1.15292489528656, "epoch": 5, "iteration": 1}
{"train_loss": 1.1550372838974, "epoch": 5, "iteration": 11}
{"train_loss": 1.1555638313293457, "epoch": 5, "iteration": 21}
{"train_loss": 1.1523751020431519, "epoch": 5, "iteration": 31}
{"train_loss": 1.154252052307129, "epoch": 5, "iteration": 41}
{"train_loss": 1.1501728296279907, "epoch": 5, "iteration": 51}
{"train_loss": 1.1534523963928223, "epoch": 5, "iteration": 61}
{"train_loss": 1.1528948545455933, "epoch": 5, "iteration": 71}
{"train_loss": 1.1514369249343872, "epoch": 5, "iteration": 81}
{"train_loss": 1.1508257389068604, "epoch": 5, "iteration": 91}
{"train_loss": 1.1527506113052368, "epoch": 5, "iteration": 101}
{"train_loss": 1.1510709524154663, "epoch": 5, "iteration": 111}
{"train_loss": 1.151731014251709, "epoch": 5, "iteration": 121}
{"train_loss": 1.1508468389511108, "epoch": 5, "iteration": 131}
{"train_loss": 1.1522525548934937, "epoch": 5, "iteration": 141}
{"train_loss": 1.150463581085205, "epoch": 5, "iteration": 151}
{"train_loss": 1.1495250463485718, "epoch": 5, "iteration": 161}
{"train_loss": 1.1495035886764526, "epoch": 5, "iteration": 171}
{"train_loss": 1.1480439901351929, "epoch": 5, "iteration": 181}
{"train_loss": 1.1473411321640015, "epoch": 5, "iteration": 191}
{"train_loss": 1.1457563638687134, "epoch": 5, "iteration": 201}
{"train_loss": 1.1471232175827026, "epoch": 5, "iteration": 211}
{"train_loss": 1.1471513509750366, "epoch": 5, "iteration": 221}
{"train_loss": 1.1443837881088257, "epoch": 5, "iteration": 231}
{"train_loss": 1.1451770067214966, "epoch": 5, "iteration": 241}
{"train_loss": 1.1461291313171387, "epoch": 5, "iteration": 251}
{"train_loss": 1.1454991102218628, "epoch": 5, "iteration": 261}
{"train_loss": 1.1442253589630127, "epoch": 5, "iteration": 271}
{"train_loss": 1.1436372995376587, "epoch": 5, "iteration": 281}
{"train_loss": 1.1438119411468506, "epoch": 5, "iteration": 291}
{"train_loss": 1.1469779014587402, "epoch": 5, "iteration": 301}
{"train_loss": 1.1482731103897095, "epoch": 5, "iteration": 311}
{"train_loss": 1.1454873085021973, "epoch": 5, "iteration": 321}
{"train_loss": 1.145329236984253, "epoch": 5, "iteration": 331}
{"train_loss": 1.1457617282867432, "epoch": 5, "iteration": 341}
{"train_loss": 1.1457926034927368, "epoch": 5, "iteration": 351}
{"train_loss": 1.1453161239624023, "epoch": 5, "iteration": 361}
{"train_loss": 1.1458942890167236, "epoch": 5, "iteration": 371}
{"train_loss": 1.1466463804244995, "epoch": 5, "iteration": 381}
{"train_loss": 1.1452357769012451, "epoch": 5, "iteration": 391}
{"train_loss": 1.146294355392456, "epoch": 5, "iteration": 401}
{"train_loss": 1.1487680673599243, "epoch": 5, "iteration": 411}
{"train_loss": 1.1465531587600708, "epoch": 5, "iteration": 421}
{"train_loss": 1.1485227346420288, "epoch": 5, "iteration": 431}
{"train_loss": 1.1507755517959595, "epoch": 5, "iteration": 441}
{"train_loss": 1.1479517221450806, "epoch": 5, "iteration": 451}
{"train_loss": 1.149505376815796, "epoch": 5, "iteration": 461}
{"train_loss": 1.1522108316421509, "epoch": 5, "iteration": 471}
{"train_loss": 1.1490906476974487, "epoch": 5, "iteration": 481}
{"train_loss": 1.1510825157165527, "epoch": 5, "iteration": 491}
{"train_loss": 1.1482206583023071, "epoch": 5, "iteration": 501}
{"train_loss": 1.1481328010559082, "epoch": 5, "iteration": 511}
{"train_loss": 1.148626446723938, "epoch": 5, "iteration": 521}
{"train_loss": 1.1490674018859863, "epoch": 5, "iteration": 531}
{"train_loss": 1.1519283056259155, "epoch": 5, "iteration": 541}
{"train_loss": 1.1510577201843262, "epoch": 5, "iteration": 551}
{"train_loss": 1.1500651836395264, "epoch": 5, "iteration": 561}
{"train_loss": 1.1519358158111572, "epoch": 5, "iteration": 571}
{"train_loss": 1.1516534090042114, "epoch": 5, "iteration": 581}
{"train_loss": 1.1505115032196045, "epoch": 5, "iteration": 591}
{"train_loss": 1.1533055305480957, "epoch": 5, "iteration": 601}
{"train_loss": 1.1520822048187256, "epoch": 5, "iteration": 611}
{"train_loss": 1.1545270681381226, "epoch": 5, "iteration": 621}
{"train_loss": 1.1584030389785767, "epoch": 5, "iteration": 631}
{"train_loss": 1.1583094596862793, "epoch": 5, "iteration": 641}
{"train_loss": 1.1576474905014038, "epoch": 5, "iteration": 651}
{"train_loss": 1.160322904586792, "epoch": 5, "iteration": 661}
{"train_loss": 1.1596324443817139, "epoch": 5, "iteration": 671}
{"train_loss": 1.1607770919799805, "epoch": 5, "iteration": 681}
{"train_loss": 1.1643471717834473, "epoch": 5, "iteration": 691}
{"train_loss": 1.163260817527771, "epoch": 5, "iteration": 701}
{"train_loss": 1.1651861667633057, "epoch": 5, "iteration": 711}
{"train_loss": 1.1623811721801758, "epoch": 5, "iteration": 721}
{"train_loss": 1.163897156715393, "epoch": 5, "iteration": 731}
{"train_loss": 1.1641879081726074, "epoch": 5, "iteration": 741}
{"train_loss": 1.163931131362915, "epoch": 5, "iteration": 751}
{"train_loss": 1.1657663583755493, "epoch": 5, "iteration": 761}
{"train_loss": 1.1639349460601807, "epoch": 5, "iteration": 771}
{"train_loss": 1.1649576425552368, "epoch": 5, "iteration": 781}
{"train_loss": 1.164363145828247, "epoch": 5, "iteration": 791}
{"train_loss": 1.1655681133270264, "epoch": 5, "iteration": 801}
{"train_loss": 1.162379264831543, "epoch": 5, "iteration": 811}
{"train_loss": 1.1626628637313843, "epoch": 5, "iteration": 821}
{"train_loss": 1.163634181022644, "epoch": 5, "iteration": 831}
{"train_loss": 1.1597278118133545, "epoch": 5, "iteration": 841}
{"train_loss": 1.1607964038848877, "epoch": 5, "iteration": 851}
{"train_loss": 1.158973217010498, "epoch": 5, "iteration": 861}
{"train_loss": 1.1604375839233398, "epoch": 5, "iteration": 871}
{"train_loss": 1.158888816833496, "epoch": 5, "iteration": 881}
{"train_loss": 1.1611822843551636, "epoch": 5, "iteration": 891}
{"train_loss": 1.1618156433105469, "epoch": 5, "iteration": 901}
{"train_loss": 1.1634447574615479, "epoch": 5, "iteration": 911}
{"train_loss": 1.1631557941436768, "epoch": 5, "iteration": 921}
{"train_loss": 1.1645220518112183, "epoch": 5, "iteration": 931}
{"train_loss": 1.1623698472976685, "epoch": 5, "iteration": 941}
{"train_loss": 1.1618950366973877, "epoch": 5, "iteration": 951}
{"train_loss": 1.1600115299224854, "epoch": 5, "iteration": 961}
{"train_loss": 1.1636841297149658, "epoch": 5, "iteration": 971}
{"train_loss": 1.163141131401062, "epoch": 5, "iteration": 981}
{"train_loss": 1.1610454320907593, "epoch": 5, "iteration": 991}
{"train_loss": 1.163307785987854, "epoch": 5, "iteration": 1001}
{"train_loss": 1.1636157035827637, "epoch": 5, "iteration": 1011}
{"train_loss": 1.1646770238876343, "epoch": 5, "iteration": 1021}
{"train_loss": 1.1644941568374634, "epoch": 5, "iteration": 1031}
{"train_loss": 1.1681278944015503, "epoch": 5, "iteration": 1041}
{"train_loss": 1.1644116640090942, "epoch": 5, "iteration": 1051}
{"train_loss": 1.1613073348999023, "epoch": 5, "iteration": 1061}
{"train_loss": 1.160573124885559, "epoch": 5, "iteration": 1071}
{"train_loss": 1.1598600149154663, "epoch": 5, "iteration": 1081}
{"train_loss": 1.161128282546997, "epoch": 5, "iteration": 1091}
{"train_loss": 1.1617194414138794, "epoch": 5, "iteration": 1101}
{"train_loss": 1.1606866121292114, "epoch": 5, "iteration": 1111}
{"train_loss": 1.1591109037399292, "epoch": 5, "iteration": 1121}
{"train_loss": 1.1555259227752686, "epoch": 5, "iteration": 1131}
{"train_loss": 1.1564489603042603, "epoch": 5, "iteration": 1141}
{"train_loss": 1.1552010774612427, "epoch": 5, "iteration": 1151}
{"train_loss": 1.1565353870391846, "epoch": 5, "iteration": 1161}
{"train_loss": 1.1557788848876953, "epoch": 5, "iteration": 1171}
{"train_loss": 1.153217077255249, "epoch": 5, "iteration": 1181}
{"train_loss": 1.1530287265777588, "epoch": 5, "iteration": 1191}
{"train_loss": 1.1556719541549683, "epoch": 5, "iteration": 1201}
{"train_loss": 1.157743215560913, "epoch": 5, "iteration": 1211}
{"train_loss": 1.1539726257324219, "epoch": 5, "iteration": 1221}
{"train_loss": 1.1540979146957397, "epoch": 5, "iteration": 1231}
{"train_loss": 1.1551824808120728, "epoch": 5, "iteration": 1241}
{"train_loss": 1.15334153175354, "epoch": 5, "iteration": 1251}
{"train_loss": 1.1562082767486572, "epoch": 5, "iteration": 1261}
{"train_loss": 1.1542940139770508, "epoch": 5, "iteration": 1271}
{"train_loss": 1.154567003250122, "epoch": 5, "iteration": 1281}
{"train_loss": 1.153359055519104, "epoch": 5, "iteration": 1291}
{"train_loss": 1.1543291807174683, "epoch": 5, "iteration": 1301}
{"train_loss": 1.1519241333007812, "epoch": 5, "iteration": 1311}
{"train_loss": 1.1538138389587402, "epoch": 5, "iteration": 1321}
{"train_loss": 1.1525111198425293, "epoch": 5, "iteration": 1331}
{"train_loss": 1.1548364162445068, "epoch": 5, "iteration": 1341}
{"train_loss": 1.1528135538101196, "epoch": 5, "iteration": 1351}
{"train_loss": 1.1512229442596436, "epoch": 5, "iteration": 1361}
{"train_loss": 1.1517789363861084, "epoch": 5, "iteration": 1371}
{"train_loss": 1.1503281593322754, "epoch": 5, "iteration": 1381}
{"train_loss": 1.1517609357833862, "epoch": 5, "iteration": 1391}
{"train_loss": 1.152908205986023, "epoch": 5, "iteration": 1401}
{"train_loss": 1.1513930559158325, "epoch": 5, "iteration": 1411}
{"train_loss": 1.1503840684890747, "epoch": 5, "iteration": 1421}
{"train_loss": 1.1516046524047852, "epoch": 5, "iteration": 1431}
{"train_loss": 1.1505897045135498, "epoch": 5, "iteration": 1441}
{"train_loss": 1.151749610900879, "epoch": 5, "iteration": 1451}
{"train_loss": 1.1512606143951416, "epoch": 5, "iteration": 1461}
{"train_loss": 1.148842215538025, "epoch": 5, "iteration": 1471}
{"train_loss": 1.151430606842041, "epoch": 5, "iteration": 1481}
{"train_loss": 1.149930477142334, "epoch": 5, "iteration": 1491}
{"train_loss": 1.1498286724090576, "epoch": 5, "iteration": 1501}
{"train_loss": 1.1503398418426514, "epoch": 5, "iteration": 1511}
{"train_loss": 1.1470439434051514, "epoch": 5, "iteration": 1521}
{"train_loss": 1.1474666595458984, "epoch": 5, "iteration": 1531}
{"train_loss": 1.1493096351623535, "epoch": 5, "iteration": 1541}
{"train_loss": 1.1467199325561523, "epoch": 5, "iteration": 1551}
{"train_loss": 1.1490660905838013, "epoch": 5, "iteration": 1561}
{"train_loss": 1.1484055519104004, "epoch": 5, "iteration": 1571}
{"train_loss": 1.1493017673492432, "epoch": 5, "iteration": 1581}
{"train_loss": 1.151963710784912, "epoch": 5, "iteration": 1591}
{"train_loss": 1.148715853691101, "epoch": 5, "iteration": 1601}
{"train_loss": 1.1512303352355957, "epoch": 5, "iteration": 1611}
{"train_loss": 1.1506365537643433, "epoch": 5, "iteration": 1621}
{"train_loss": 1.1479727029800415, "epoch": 5, "iteration": 1631}
{"train_loss": 1.1496572494506836, "epoch": 5, "iteration": 1641}
{"train_loss": 1.1497764587402344, "epoch": 5, "iteration": 1651}
{"train_loss": 1.1493455171585083, "epoch": 5, "iteration": 1661}
{"train_loss": 1.1525930166244507, "epoch": 5, "iteration": 1671}
{"train_loss": 1.1536153554916382, "epoch": 5, "iteration": 1681}
{"train_loss": 1.1511460542678833, "epoch": 5, "iteration": 1691}
{"train_loss": 1.1541327238082886, "epoch": 5, "iteration": 1701}
{"train_loss": 1.1511412858963013, "epoch": 5, "iteration": 1711}
{"train_loss": 1.149972677230835, "epoch": 5, "iteration": 1721}
{"train_loss": 1.1526024341583252, "epoch": 5, "iteration": 1731}
{"train_loss": 1.1510926485061646, "epoch": 5, "iteration": 1741}
{"train_loss": 1.1530475616455078, "epoch": 5, "iteration": 1751}
{"train_loss": 1.1534215211868286, "epoch": 5, "iteration": 1761}
{"train_loss": 1.1541659832000732, "epoch": 5, "iteration": 1771}
{"train_loss": 1.1576793193817139, "epoch": 5, "iteration": 1781}
{"train_loss": 1.1516433954238892, "epoch": 5, "iteration": 1791}
{"train_loss": 1.155587911605835, "epoch": 5, "iteration": 1801}
{"train_loss": 1.1529903411865234, "epoch": 5, "iteration": 1811}
{"train_loss": 1.1564668416976929, "epoch": 5, "iteration": 1821}
{"train_loss": 1.1598631143569946, "epoch": 5, "iteration": 1831}
{"train_loss": 1.156829833984375, "epoch": 5, "iteration": 1841}
Epoch 5/100, Val Loss: 3.0332
Epoch 6/100
{"train_loss": 1.1581465005874634, "epoch": 6, "iteration": 1}
{"train_loss": 1.1674604415893555, "epoch": 6, "iteration": 11}
{"train_loss": 1.1687984466552734, "epoch": 6, "iteration": 21}
{"train_loss": 1.1615760326385498, "epoch": 6, "iteration": 31}
{"train_loss": 1.1618353128433228, "epoch": 6, "iteration": 41}
{"train_loss": 1.1562907695770264, "epoch": 6, "iteration": 51}
{"train_loss": 1.1594122648239136, "epoch": 6, "iteration": 61}
{"train_loss": 1.1604561805725098, "epoch": 6, "iteration": 71}
{"train_loss": 1.159467339515686, "epoch": 6, "iteration": 81}
{"train_loss": 1.1571300029754639, "epoch": 6, "iteration": 91}
{"train_loss": 1.1577556133270264, "epoch": 6, "iteration": 101}
{"train_loss": 1.1531150341033936, "epoch": 6, "iteration": 111}
{"train_loss": 1.1544718742370605, "epoch": 6, "iteration": 121}
{"train_loss": 1.1700180768966675, "epoch": 6, "iteration": 131}
{"train_loss": 1.1758323907852173, "epoch": 6, "iteration": 141}
{"train_loss": 1.160293698310852, "epoch": 6, "iteration": 151}
{"train_loss": 1.1569948196411133, "epoch": 6, "iteration": 161}
{"train_loss": 1.1580569744110107, "epoch": 6, "iteration": 171}
{"train_loss": 1.185441017150879, "epoch": 6, "iteration": 181}
{"train_loss": 1.2259020805358887, "epoch": 6, "iteration": 191}
{"train_loss": 1.2071276903152466, "epoch": 6, "iteration": 201}
{"train_loss": 1.2140902280807495, "epoch": 6, "iteration": 211}
{"train_loss": 1.2192574739456177, "epoch": 6, "iteration": 221}
{"train_loss": 1.2118568420410156, "epoch": 6, "iteration": 231}
{"train_loss": 1.2087258100509644, "epoch": 6, "iteration": 241}
{"train_loss": 1.234853744506836, "epoch": 6, "iteration": 251}
{"train_loss": 1.2066433429718018, "epoch": 6, "iteration": 261}
{"train_loss": 1.1973649263381958, "epoch": 6, "iteration": 271}
{"train_loss": 1.2005668878555298, "epoch": 6, "iteration": 281}
{"train_loss": 1.1896588802337646, "epoch": 6, "iteration": 291}
{"train_loss": 1.1880683898925781, "epoch": 6, "iteration": 301}
{"train_loss": 1.1809422969818115, "epoch": 6, "iteration": 311}
{"train_loss": 1.1739795207977295, "epoch": 6, "iteration": 321}
{"train_loss": 1.1691672801971436, "epoch": 6, "iteration": 331}
{"train_loss": 1.1630010604858398, "epoch": 6, "iteration": 341}
{"train_loss": 1.154350996017456, "epoch": 6, "iteration": 351}
{"train_loss": 1.1508866548538208, "epoch": 6, "iteration": 361}
{"train_loss": 1.1496416330337524, "epoch": 6, "iteration": 371}
{"train_loss": 1.147946834564209, "epoch": 6, "iteration": 381}
{"train_loss": 1.1462546586990356, "epoch": 6, "iteration": 391}
{"train_loss": 1.1421198844909668, "epoch": 6, "iteration": 401}
{"train_loss": 1.1395962238311768, "epoch": 6, "iteration": 411}
{"train_loss": 1.1375622749328613, "epoch": 6, "iteration": 421}
{"train_loss": 1.142661213874817, "epoch": 6, "iteration": 431}
{"train_loss": 1.1449357271194458, "epoch": 6, "iteration": 441}
{"train_loss": 1.1497364044189453, "epoch": 6, "iteration": 451}
{"train_loss": 1.1523493528366089, "epoch": 6, "iteration": 461}
{"train_loss": 1.1515995264053345, "epoch": 6, "iteration": 471}
{"train_loss": 1.1518685817718506, "epoch": 6, "iteration": 481}
{"train_loss": 1.1531109809875488, "epoch": 6, "iteration": 491}
{"train_loss": 1.1611826419830322, "epoch": 6, "iteration": 501}
{"train_loss": 1.1569066047668457, "epoch": 6, "iteration": 511}
{"train_loss": 1.1556307077407837, "epoch": 6, "iteration": 521}
{"train_loss": 1.17233407497406, "epoch": 6, "iteration": 531}
{"train_loss": 1.1611757278442383, "epoch": 6, "iteration": 541}
{"train_loss": 1.155221939086914, "epoch": 6, "iteration": 551}
{"train_loss": 1.1497161388397217, "epoch": 6, "iteration": 561}
{"train_loss": 1.1456961631774902, "epoch": 6, "iteration": 571}
{"train_loss": 1.1498316526412964, "epoch": 6, "iteration": 581}
{"train_loss": 1.1448111534118652, "epoch": 6, "iteration": 591}
{"train_loss": 1.1445447206497192, "epoch": 6, "iteration": 601}
{"train_loss": 1.1413309574127197, "epoch": 6, "iteration": 611}
{"train_loss": 1.1532604694366455, "epoch": 6, "iteration": 621}
{"train_loss": 1.147406816482544, "epoch": 6, "iteration": 631}
{"train_loss": 1.1438826322555542, "epoch": 6, "iteration": 641}
{"train_loss": 1.150537133216858, "epoch": 6, "iteration": 651}
{"train_loss": 1.1580299139022827, "epoch": 6, "iteration": 661}
{"train_loss": 1.148568034172058, "epoch": 6, "iteration": 671}
{"train_loss": 1.1496944427490234, "epoch": 6, "iteration": 681}
{"train_loss": 1.1534018516540527, "epoch": 6, "iteration": 691}
{"train_loss": 1.151877999305725, "epoch": 6, "iteration": 701}
{"train_loss": 1.154596209526062, "epoch": 6, "iteration": 711}
{"train_loss": 1.1502934694290161, "epoch": 6, "iteration": 721}
{"train_loss": 1.1527420282363892, "epoch": 6, "iteration": 731}
{"train_loss": 1.1554570198059082, "epoch": 6, "iteration": 741}
{"train_loss": 1.1535710096359253, "epoch": 6, "iteration": 751}
{"train_loss": 1.1544398069381714, "epoch": 6, "iteration": 761}
{"train_loss": 1.1533228158950806, "epoch": 6, "iteration": 771}
{"train_loss": 1.155219554901123, "epoch": 6, "iteration": 781}
{"train_loss": 1.1544564962387085, "epoch": 6, "iteration": 791}
{"train_loss": 1.1568219661712646, "epoch": 6, "iteration": 801}
{"train_loss": 1.1542797088623047, "epoch": 6, "iteration": 811}
{"train_loss": 1.1581611633300781, "epoch": 6, "iteration": 821}
{"train_loss": 1.1601393222808838, "epoch": 6, "iteration": 831}
{"train_loss": 1.1569898128509521, "epoch": 6, "iteration": 841}
{"train_loss": 1.1598585844039917, "epoch": 6, "iteration": 851}
{"train_loss": 1.164480209350586, "epoch": 6, "iteration": 861}
{"train_loss": 1.1715984344482422, "epoch": 6, "iteration": 871}
{"train_loss": 1.1625077724456787, "epoch": 6, "iteration": 881}
{"train_loss": 1.1616207361221313, "epoch": 6, "iteration": 891}
{"train_loss": 1.165626883506775, "epoch": 6, "iteration": 901}
{"train_loss": 1.1800962686538696, "epoch": 6, "iteration": 911}
{"train_loss": 1.177907943725586, "epoch": 6, "iteration": 921}
{"train_loss": 1.1806799173355103, "epoch": 6, "iteration": 931}
{"train_loss": 1.181896448135376, "epoch": 6, "iteration": 941}
{"train_loss": 1.176788330078125, "epoch": 6, "iteration": 951}
{"train_loss": 1.1836796998977661, "epoch": 6, "iteration": 961}
{"train_loss": 1.1770789623260498, "epoch": 6, "iteration": 971}
{"train_loss": 1.176580786705017, "epoch": 6, "iteration": 981}
{"train_loss": 1.174619436264038, "epoch": 6, "iteration": 991}
{"train_loss": 1.1697540283203125, "epoch": 6, "iteration": 1001}
{"train_loss": 1.1708481311798096, "epoch": 6, "iteration": 1011}
{"train_loss": 1.167441725730896, "epoch": 6, "iteration": 1021}
{"train_loss": 1.1684834957122803, "epoch": 6, "iteration": 1031}
{"train_loss": 1.165992259979248, "epoch": 6, "iteration": 1041}
{"train_loss": 1.1621428728103638, "epoch": 6, "iteration": 1051}
{"train_loss": 1.1586248874664307, "epoch": 6, "iteration": 1061}
{"train_loss": 1.1549592018127441, "epoch": 6, "iteration": 1071}
{"train_loss": 1.159963607788086, "epoch": 6, "iteration": 1081}
{"train_loss": 1.1586625576019287, "epoch": 6, "iteration": 1091}
{"train_loss": 1.156333088874817, "epoch": 6, "iteration": 1101}
{"train_loss": 1.1544575691223145, "epoch": 6, "iteration": 1111}
{"train_loss": 1.1545116901397705, "epoch": 6, "iteration": 1121}
{"train_loss": 1.1545202732086182, "epoch": 6, "iteration": 1131}
{"train_loss": 1.1567821502685547, "epoch": 6, "iteration": 1141}
{"train_loss": 1.152372121810913, "epoch": 6, "iteration": 1151}
{"train_loss": 1.1526628732681274, "epoch": 6, "iteration": 1161}
{"train_loss": 1.151166558265686, "epoch": 6, "iteration": 1171}
{"train_loss": 1.150632619857788, "epoch": 6, "iteration": 1181}
{"train_loss": 1.1501127481460571, "epoch": 6, "iteration": 1191}
{"train_loss": 1.1503363847732544, "epoch": 6, "iteration": 1201}
{"train_loss": 1.1522952318191528, "epoch": 6, "iteration": 1211}
{"train_loss": 1.1506739854812622, "epoch": 6, "iteration": 1221}
{"train_loss": 1.1539572477340698, "epoch": 6, "iteration": 1231}
{"train_loss": 1.1511147022247314, "epoch": 6, "iteration": 1241}
{"train_loss": 1.151511788368225, "epoch": 6, "iteration": 1251}
{"train_loss": 1.1530030965805054, "epoch": 6, "iteration": 1261}
{"train_loss": 1.1592148542404175, "epoch": 6, "iteration": 1271}
{"train_loss": 1.1577767133712769, "epoch": 6, "iteration": 1281}
{"train_loss": 1.158585786819458, "epoch": 6, "iteration": 1291}
{"train_loss": 1.1578736305236816, "epoch": 6, "iteration": 1301}
{"train_loss": 1.1548795700073242, "epoch": 6, "iteration": 1311}
{"train_loss": 1.157178521156311, "epoch": 6, "iteration": 1321}
{"train_loss": 1.1589001417160034, "epoch": 6, "iteration": 1331}
{"train_loss": 1.1499121189117432, "epoch": 6, "iteration": 1341}
{"train_loss": 1.1521145105361938, "epoch": 6, "iteration": 1351}
{"train_loss": 1.1492645740509033, "epoch": 6, "iteration": 1361}
{"train_loss": 1.1498222351074219, "epoch": 6, "iteration": 1371}
{"train_loss": 1.1517235040664673, "epoch": 6, "iteration": 1381}
{"train_loss": 1.154192328453064, "epoch": 6, "iteration": 1391}
{"train_loss": 1.1539756059646606, "epoch": 6, "iteration": 1401}
{"train_loss": 1.1555325984954834, "epoch": 6, "iteration": 1411}
{"train_loss": 1.1548069715499878, "epoch": 6, "iteration": 1421}
{"train_loss": 1.155431866645813, "epoch": 6, "iteration": 1431}
{"train_loss": 1.1531457901000977, "epoch": 6, "iteration": 1441}
{"train_loss": 1.1528517007827759, "epoch": 6, "iteration": 1451}
{"train_loss": 1.1575136184692383, "epoch": 6, "iteration": 1461}
{"train_loss": 1.1532467603683472, "epoch": 6, "iteration": 1471}
{"train_loss": 1.1530225276947021, "epoch": 6, "iteration": 1481}
{"train_loss": 1.1514883041381836, "epoch": 6, "iteration": 1491}
{"train_loss": 1.1501591205596924, "epoch": 6, "iteration": 1501}
{"train_loss": 1.1521052122116089, "epoch": 6, "iteration": 1511}
{"train_loss": 1.1468994617462158, "epoch": 6, "iteration": 1521}
{"train_loss": 1.1473177671432495, "epoch": 6, "iteration": 1531}
{"train_loss": 1.1475799083709717, "epoch": 6, "iteration": 1541}
{"train_loss": 1.145776391029358, "epoch": 6, "iteration": 1551}
{"train_loss": 1.1467509269714355, "epoch": 6, "iteration": 1561}
{"train_loss": 1.1442514657974243, "epoch": 6, "iteration": 1571}
{"train_loss": 1.1444954872131348, "epoch": 6, "iteration": 1581}
{"train_loss": 1.14212965965271, "epoch": 6, "iteration": 1591}
{"train_loss": 1.1416807174682617, "epoch": 6, "iteration": 1601}
{"train_loss": 1.1426173448562622, "epoch": 6, "iteration": 1611}
{"train_loss": 1.1439536809921265, "epoch": 6, "iteration": 1621}
{"train_loss": 1.1421923637390137, "epoch": 6, "iteration": 1631}
{"train_loss": 1.144477128982544, "epoch": 6, "iteration": 1641}
{"train_loss": 1.1465263366699219, "epoch": 6, "iteration": 1651}
{"train_loss": 1.1450039148330688, "epoch": 6, "iteration": 1661}
{"train_loss": 1.1441078186035156, "epoch": 6, "iteration": 1671}
{"train_loss": 1.13900625705719, "epoch": 6, "iteration": 1681}
{"train_loss": 1.137528896331787, "epoch": 6, "iteration": 1691}
{"train_loss": 1.1350356340408325, "epoch": 6, "iteration": 1701}
{"train_loss": 1.1319361925125122, "epoch": 6, "iteration": 1711}
{"train_loss": 1.1291505098342896, "epoch": 6, "iteration": 1721}
{"train_loss": 1.1278140544891357, "epoch": 6, "iteration": 1731}
{"train_loss": 1.124453067779541, "epoch": 6, "iteration": 1741}
{"train_loss": 1.1237801313400269, "epoch": 6, "iteration": 1751}
{"train_loss": 1.1233649253845215, "epoch": 6, "iteration": 1761}
{"train_loss": 1.1229931116104126, "epoch": 6, "iteration": 1771}
{"train_loss": 1.125205636024475, "epoch": 6, "iteration": 1781}
{"train_loss": 1.1206164360046387, "epoch": 6, "iteration": 1791}
{"train_loss": 1.1211152076721191, "epoch": 6, "iteration": 1801}
{"train_loss": 1.1210787296295166, "epoch": 6, "iteration": 1811}
{"train_loss": 1.121648907661438, "epoch": 6, "iteration": 1821}
{"train_loss": 1.1237988471984863, "epoch": 6, "iteration": 1831}
{"train_loss": 1.1233710050582886, "epoch": 6, "iteration": 1841}
Epoch 6/100, Val Loss: 3.0386
Epoch 7/100
{"train_loss": 1.122991919517517, "epoch": 7, "iteration": 1}
{"train_loss": 1.1226907968521118, "epoch": 7, "iteration": 11}
{"train_loss": 1.1252915859222412, "epoch": 7, "iteration": 21}
{"train_loss": 1.1241629123687744, "epoch": 7, "iteration": 31}
{"train_loss": 1.1247906684875488, "epoch": 7, "iteration": 41}
{"train_loss": 1.12236750125885, "epoch": 7, "iteration": 51}
{"train_loss": 1.1267634630203247, "epoch": 7, "iteration": 61}
{"train_loss": 1.1248115301132202, "epoch": 7, "iteration": 71}
{"train_loss": 1.127193808555603, "epoch": 7, "iteration": 81}
{"train_loss": 1.127457857131958, "epoch": 7, "iteration": 91}
{"train_loss": 1.125807285308838, "epoch": 7, "iteration": 101}
{"train_loss": 1.1240112781524658, "epoch": 7, "iteration": 111}
{"train_loss": 1.1250507831573486, "epoch": 7, "iteration": 121}
{"train_loss": 1.1265296936035156, "epoch": 7, "iteration": 131}
{"train_loss": 1.1258111000061035, "epoch": 7, "iteration": 141}
{"train_loss": 1.1254603862762451, "epoch": 7, "iteration": 151}
{"train_loss": 1.126131534576416, "epoch": 7, "iteration": 161}
{"train_loss": 1.1280403137207031, "epoch": 7, "iteration": 171}
{"train_loss": 1.1251932382583618, "epoch": 7, "iteration": 181}
{"train_loss": 1.1268295049667358, "epoch": 7, "iteration": 191}
{"train_loss": 1.1236157417297363, "epoch": 7, "iteration": 201}
{"train_loss": 1.1250274181365967, "epoch": 7, "iteration": 211}
{"train_loss": 1.1255043745040894, "epoch": 7, "iteration": 221}
{"train_loss": 1.124085545539856, "epoch": 7, "iteration": 231}
{"train_loss": 1.127273440361023, "epoch": 7, "iteration": 241}
{"train_loss": 1.1303499937057495, "epoch": 7, "iteration": 251}
{"train_loss": 1.1347538232803345, "epoch": 7, "iteration": 261}
{"train_loss": 1.1297659873962402, "epoch": 7, "iteration": 271}
{"train_loss": 1.1323403120040894, "epoch": 7, "iteration": 281}
{"train_loss": 1.1313602924346924, "epoch": 7, "iteration": 291}
{"train_loss": 1.1336164474487305, "epoch": 7, "iteration": 301}
{"train_loss": 1.136281967163086, "epoch": 7, "iteration": 311}
{"train_loss": 1.1407477855682373, "epoch": 7, "iteration": 321}
{"train_loss": 1.1391665935516357, "epoch": 7, "iteration": 331}
{"train_loss": 1.1346068382263184, "epoch": 7, "iteration": 341}
{"train_loss": 1.1374026536941528, "epoch": 7, "iteration": 351}
{"train_loss": 1.1382031440734863, "epoch": 7, "iteration": 361}
{"train_loss": 1.1384227275848389, "epoch": 7, "iteration": 371}
{"train_loss": 1.1448804140090942, "epoch": 7, "iteration": 381}
{"train_loss": 1.1454377174377441, "epoch": 7, "iteration": 391}
{"train_loss": 1.1433522701263428, "epoch": 7, "iteration": 401}
{"train_loss": 1.1420522928237915, "epoch": 7, "iteration": 411}
{"train_loss": 1.137759804725647, "epoch": 7, "iteration": 421}
{"train_loss": 1.1381630897521973, "epoch": 7, "iteration": 431}
{"train_loss": 1.1489341259002686, "epoch": 7, "iteration": 441}
{"train_loss": 1.1429824829101562, "epoch": 7, "iteration": 451}
{"train_loss": 1.141552209854126, "epoch": 7, "iteration": 461}
{"train_loss": 1.136992335319519, "epoch": 7, "iteration": 471}
{"train_loss": 1.1393804550170898, "epoch": 7, "iteration": 481}
{"train_loss": 1.1386171579360962, "epoch": 7, "iteration": 491}
{"train_loss": 1.1404998302459717, "epoch": 7, "iteration": 501}
{"train_loss": 1.1397143602371216, "epoch": 7, "iteration": 511}
{"train_loss": 1.1342582702636719, "epoch": 7, "iteration": 521}
{"train_loss": 1.1306158304214478, "epoch": 7, "iteration": 531}
{"train_loss": 1.1337906122207642, "epoch": 7, "iteration": 541}
{"train_loss": 1.1394093036651611, "epoch": 7, "iteration": 551}
{"train_loss": 1.1551072597503662, "epoch": 7, "iteration": 561}
{"train_loss": 1.163504958152771, "epoch": 7, "iteration": 571}
{"train_loss": 1.1725025177001953, "epoch": 7, "iteration": 581}
{"train_loss": 1.1754237413406372, "epoch": 7, "iteration": 591}
{"train_loss": 1.1571356058120728, "epoch": 7, "iteration": 601}
{"train_loss": 1.1516444683074951, "epoch": 7, "iteration": 611}
{"train_loss": 1.1498724222183228, "epoch": 7, "iteration": 621}
{"train_loss": 1.1481080055236816, "epoch": 7, "iteration": 631}
{"train_loss": 1.1475175619125366, "epoch": 7, "iteration": 641}
{"train_loss": 1.1489144563674927, "epoch": 7, "iteration": 651}
{"train_loss": 1.1510902643203735, "epoch": 7, "iteration": 661}
{"train_loss": 1.1517868041992188, "epoch": 7, "iteration": 671}
{"train_loss": 1.1500122547149658, "epoch": 7, "iteration": 681}
{"train_loss": 1.1507511138916016, "epoch": 7, "iteration": 691}
{"train_loss": 1.1462769508361816, "epoch": 7, "iteration": 701}
{"train_loss": 1.1449296474456787, "epoch": 7, "iteration": 711}
{"train_loss": 1.140914797782898, "epoch": 7, "iteration": 721}
{"train_loss": 1.1397087574005127, "epoch": 7, "iteration": 731}
{"train_loss": 1.1394097805023193, "epoch": 7, "iteration": 741}
NaN or Inf found in 'loss' at iteration 748
